../Core/Src/Accelero.c:51:6:Accelero_GetData_X	8	static
../Core/Src/Accelero.c:55:6:Accelero_GetData_Y	8	static
../Core/Src/Accelero.c:60:20:Accelero_NewData	8	static
../Core/Src/Accelero.c:65:6:Accelero_ResetAccumulator	4	static
../Core/Src/Accelero.c:71:6:Accelero_Accumulate_X	8	static
../Core/Src/Accelero.c:81:6:Accelero_Accumulate_Y	8	static
../Core/Src/Accelero.c:91:6:Accelero_SetOffset_X	16	static
../Core/Src/Accelero.c:96:6:Accelero_SetOffset_Y	16	static
../Core/Src/Accelero.c:101:6:Accelero_Estimate_X	8	static
../Core/Src/Accelero.c:109:6:Accelero_Estimate_Y	8	static
../Core/Src/Accelero.c:117:6:Accelero_FSM	8	static
../Core/Src/Accelero.c:183:6:Accelero_Init	16	static
../Core/Src/Accelero.c:193:6:Accelero_Process	8	static
../Core/Src/Accelero.c:198:6:Accelero_Calibrate	8	static
../Core/Src/Accelero.c:203:6:Accelero_isReady	4	static
../Core/Src/Accelero.c:208:7:Accelero_GetAccX	8	static
../Core/Src/Accelero.c:213:6:Accelero_SetAccX	16	static
../Core/Src/Accelero.c:218:7:Accelero_GetAccY	8	static
../Core/Src/Accelero.c:223:6:Accelero_SetAccY	16	static
../Core/Src/Accelero.c:238:7:Accelero_GetCalibrationAdvancement	4	static
