../Core/Src/Gyro.c:50:6:Gyro_Modulo	8	static
../Core/Src/Gyro.c:60:6:Gyro_GetData	8	static
../Core/Src/Gyro.c:65:16:Gyro_NewData	8	static
../Core/Src/Gyro.c:70:6:Gyro_ResetAccumulator	4	static
../Core/Src/Gyro.c:76:6:Gyro_Accumulate	8	static
../Core/Src/Gyro.c:86:6:Gyro_SetOffset	16	static
../Core/Src/Gyro.c:91:6:Gyro_Estimate	16	static
../Core/Src/Gyro.c:100:6:Gyro_FSM	8	static
../Core/Src/Gyro.c:165:6:Gyro_Init	16	static
../Core/Src/Gyro.c:174:6:Gyro_Process	8	static
../Core/Src/Gyro.c:179:6:Gyro_Calibrate	8	static
../Core/Src/Gyro.c:184:6:Gyro_isReady	4	static
../Core/Src/Gyro.c:189:7:Gyro_GetRot	8	static
../Core/Src/Gyro.c:194:6:Gyro_SetRot	16	static
../Core/Src/Gyro.c:199:7:Gyro_GetCalibrationAdvancement	4	static
