../Core/Src/MPU6050.c:180:19:MPU6050_Read_Reg	32	static
../Core/Src/MPU6050.c:185:19:MPU6050_Write_Reg	32	static
../Core/Src/MPU6050.c:190:19:MPU6050_Read_Gyro	24	static
../Core/Src/MPU6050.c:195:19:MPU6050_Read_Accelero_X	24	static
../Core/Src/MPU6050.c:200:19:MPU6050_Configure	16	static
../Core/Src/MPU6050.c:247:6:MPU6050_FSM	16	static
../Core/Src/MPU6050.c:311:6:MPU6050_Init	16	static
../Core/Src/MPU6050.c:321:6:MPU6050_Process	8	static
../Core/Src/MPU6050.c:326:6:MPU6050_Interrupt_Routine	4	static
../Core/Src/MPU6050.c:331:6:MPU6050_NewData	4	static
../Core/Src/MPU6050.c:336:7:MPU6050_GetData	16	static
../Core/Src/MPU6050.c:362:7:MPU6050_GetData_CF	8	static
../Core/Src/MPU6050.c:369:7:MPU6050_GetData_Accelero	24	static
../Core/Src/MPU6050.c:397:7:MPU6050_GetData_CF_Accelero	16	static
../Core/Src/MPU6050.c:468:7:MPU6050_GetSampleRate	16	static
