Archive member included to satisfy reference by file (symbol)

c:/st/stm32cubeide_1.10.1/stm32cubeide/plugins/com.st.stm32cube.ide.mcu.externaltools.gnu-tools-for-stm32.10.3-2021.10.win32_1.0.100.202210260954/tools/bin/../lib/gcc/arm-none-eabi/10.3.1/../../../../arm-none-eabi/lib/thumb/v7e-m+fp/hard\libc_nano.a(lib_a-errno.o)
                              ./Core/Src/syscalls.o (__errno)
c:/st/stm32cubeide_1.10.1/stm32cubeide/plugins/com.st.stm32cube.ide.mcu.externaltools.gnu-tools-for-stm32.10.3-2021.10.win32_1.0.100.202210260954/tools/bin/../lib/gcc/arm-none-eabi/10.3.1/../../../../arm-none-eabi/lib/thumb/v7e-m+fp/hard\libc_nano.a(lib_a-exit.o)
                              c:/st/stm32cubeide_1.10.1/stm32cubeide/plugins/com.st.stm32cube.ide.mcu.externaltools.gnu-tools-for-stm32.10.3-2021.10.win32_1.0.100.202210260954/tools/bin/../lib/gcc/arm-none-eabi/10.3.1/../../../../arm-none-eabi/lib/thumb/v7e-m+fp/hard/crt0.o (exit)
c:/st/stm32cubeide_1.10.1/stm32cubeide/plugins/com.st.stm32cube.ide.mcu.externaltools.gnu-tools-for-stm32.10.3-2021.10.win32_1.0.100.202210260954/tools/bin/../lib/gcc/arm-none-eabi/10.3.1/../../../../arm-none-eabi/lib/thumb/v7e-m+fp/hard\libc_nano.a(lib_a-impure.o)
                              c:/st/stm32cubeide_1.10.1/stm32cubeide/plugins/com.st.stm32cube.ide.mcu.externaltools.gnu-tools-for-stm32.10.3-2021.10.win32_1.0.100.202210260954/tools/bin/../lib/gcc/arm-none-eabi/10.3.1/../../../../arm-none-eabi/lib/thumb/v7e-m+fp/hard\libc_nano.a(lib_a-exit.o) (_global_impure_ptr)
c:/st/stm32cubeide_1.10.1/stm32cubeide/plugins/com.st.stm32cube.ide.mcu.externaltools.gnu-tools-for-stm32.10.3-2021.10.win32_1.0.100.202210260954/tools/bin/../lib/gcc/arm-none-eabi/10.3.1/../../../../arm-none-eabi/lib/thumb/v7e-m+fp/hard\libc_nano.a(lib_a-init.o)
                              c:/st/stm32cubeide_1.10.1/stm32cubeide/plugins/com.st.stm32cube.ide.mcu.externaltools.gnu-tools-for-stm32.10.3-2021.10.win32_1.0.100.202210260954/tools/bin/../lib/gcc/arm-none-eabi/10.3.1/../../../../arm-none-eabi/lib/thumb/v7e-m+fp/hard/crt0.o (__libc_init_array)
c:/st/stm32cubeide_1.10.1/stm32cubeide/plugins/com.st.stm32cube.ide.mcu.externaltools.gnu-tools-for-stm32.10.3-2021.10.win32_1.0.100.202210260954/tools/bin/../lib/gcc/arm-none-eabi/10.3.1/../../../../arm-none-eabi/lib/thumb/v7e-m+fp/hard\libc_nano.a(lib_a-memcpy-stub.o)
                              ./Drivers/VL53L0X/Platform/vl53l0x_platform.o (memcpy)
c:/st/stm32cubeide_1.10.1/stm32cubeide/plugins/com.st.stm32cube.ide.mcu.externaltools.gnu-tools-for-stm32.10.3-2021.10.win32_1.0.100.202210260954/tools/bin/../lib/gcc/arm-none-eabi/10.3.1/../../../../arm-none-eabi/lib/thumb/v7e-m+fp/hard\libc_nano.a(lib_a-memset.o)
                              c:/st/stm32cubeide_1.10.1/stm32cubeide/plugins/com.st.stm32cube.ide.mcu.externaltools.gnu-tools-for-stm32.10.3-2021.10.win32_1.0.100.202210260954/tools/bin/../lib/gcc/arm-none-eabi/10.3.1/../../../../arm-none-eabi/lib/thumb/v7e-m+fp/hard/crt0.o (memset)
c:/st/stm32cubeide_1.10.1/stm32cubeide/plugins/com.st.stm32cube.ide.mcu.externaltools.gnu-tools-for-stm32.10.3-2021.10.win32_1.0.100.202210260954/tools/bin/../lib/gcc/arm-none-eabi/10.3.1/../../../../arm-none-eabi/lib/thumb/v7e-m+fp/hard\libc_nano.a(lib_a-sprintf.o)
                              ./Core/Src/main.o (sprintf)
c:/st/stm32cubeide_1.10.1/stm32cubeide/plugins/com.st.stm32cube.ide.mcu.externaltools.gnu-tools-for-stm32.10.3-2021.10.win32_1.0.100.202210260954/tools/bin/../lib/gcc/arm-none-eabi/10.3.1/../../../../arm-none-eabi/lib/thumb/v7e-m+fp/hard\libc_nano.a(lib_a-strcpy.o)
                              ./Drivers/VL53L0X/Src/vl53l0x_api_core.o (strcpy)
c:/st/stm32cubeide_1.10.1/stm32cubeide/plugins/com.st.stm32cube.ide.mcu.externaltools.gnu-tools-for-stm32.10.3-2021.10.win32_1.0.100.202210260954/tools/bin/../lib/gcc/arm-none-eabi/10.3.1/../../../../arm-none-eabi/lib/thumb/v7e-m+fp/hard\libc_nano.a(lib_a-strlen.o)
                              ./Core/Src/main.o (strlen)
c:/st/stm32cubeide_1.10.1/stm32cubeide/plugins/com.st.stm32cube.ide.mcu.externaltools.gnu-tools-for-stm32.10.3-2021.10.win32_1.0.100.202210260954/tools/bin/../lib/gcc/arm-none-eabi/10.3.1/../../../../arm-none-eabi/lib/thumb/v7e-m+fp/hard\libc_nano.a(lib_a-nano-svfprintf.o)
                              c:/st/stm32cubeide_1.10.1/stm32cubeide/plugins/com.st.stm32cube.ide.mcu.externaltools.gnu-tools-for-stm32.10.3-2021.10.win32_1.0.100.202210260954/tools/bin/../lib/gcc/arm-none-eabi/10.3.1/../../../../arm-none-eabi/lib/thumb/v7e-m+fp/hard\libc_nano.a(lib_a-sprintf.o) (_svfprintf_r)
c:/st/stm32cubeide_1.10.1/stm32cubeide/plugins/com.st.stm32cube.ide.mcu.externaltools.gnu-tools-for-stm32.10.3-2021.10.win32_1.0.100.202210260954/tools/bin/../lib/gcc/arm-none-eabi/10.3.1/../../../../arm-none-eabi/lib/thumb/v7e-m+fp/hard\libc_nano.a(lib_a-nano-vfprintf_i.o)
[...]
Memory Configuration

Name             Origin             Length             Attributes
RAM              0x0000000020000000 0x0000000000010000 xrw
RAM2             0x0000000010000000 0x0000000000004000 xrw
FLASH            0x0000000008000000 0x0000000000040000 xr
*default*        0x0000000000000000 0xffffffffffffffff

Linker script and memory map

LOAD c:/st/stm32cubeide_1.10.1/stm32cubeide/plugins/com.st.stm32cube.ide.mcu.externaltools.gnu-tools-for-stm32.10.3-2021.10.win32_1.0.100.202210260954/tools/bin/../lib/gcc/arm-none-eabi/10.3.1/thumb/v7e-m+fp/hard/crti.o
LOAD c:/st/stm32cubeide_1.10.1/stm32cubeide/plugins/com.st.stm32cube.ide.mcu.externaltools.gnu-tools-for-stm32.10.3-2021.10.win32_1.0.100.202210260954/tools/bin/../lib/gcc/arm-none-eabi/10.3.1/thumb/v7e-m+fp/hard/crtbegin.o
LOAD c:/st/stm32cubeide_1.10.1/stm32cubeide/plugins/com.st.stm32cube.ide.mcu.externaltools.gnu-tools-for-stm32.10.3-2021.10.win32_1.0.100.202210260954/tools/bin/../lib/gcc/arm-none-eabi/10.3.1/../../../../arm-none-eabi/lib/thumb/v7e-m+fp/hard/crt0.o
LOAD ./Core/Src/can.o
LOAD ./Core/Src/main.o
LOAD ./Core/Src/stm32l4xx_hal_msp.o
LOAD ./Core/Src/stm32l4xx_it.o
LOAD ./Core/Src/syscalls.o
LOAD ./Core/Src/sysmem.o
LOAD ./Core/Src/system_stm32l4xx.o
LOAD ./Core/Startup/startup_stm32l432kcux.o
LOAD ./Drivers/STM32L4xx_HAL_Driver/Src/stm32l4xx_hal.o
LOAD ./Drivers/STM32L4xx_HAL_Driver/Src/stm32l4xx_hal_can.o
LOAD ./Drivers/STM32L4xx_HAL_Driver/Src/stm32l4xx_hal_cortex.o
LOAD ./Drivers/STM32L4xx_HAL_Driver/Src/stm32l4xx_hal_dma.o
LOAD ./Drivers/STM32L4xx_HAL_Driver/Src/stm32l4xx_hal_dma_ex.o
LOAD ./Drivers/STM32L4xx_HAL_Driver/Src/stm32l4xx_hal_exti.o
LOAD ./Drivers/STM32L4xx_HAL_Driver/Src/stm32l4xx_hal_flash.o
LOAD ./Drivers/STM32L4xx_HAL_Driver/Src/stm32l4xx_hal_flash_ex.o
LOAD ./Drivers/STM32L4xx_HAL_Driver/Src/stm32l4xx_hal_flash_ramfunc.o
LOAD ./Drivers/STM32L4xx_HAL_Driver/Src/stm32l4xx_hal_gpio.o
LOAD ./Drivers/STM32L4xx_HAL_Driver/Src/stm32l4xx_hal_i2c.o
LOAD ./Drivers/STM32L4xx_HAL_Driver/Src/stm32l4xx_hal_i2c_ex.o
LOAD ./Drivers/STM32L4xx_HAL_Driver/Src/stm32l4xx_hal_pwr.o
LOAD ./Drivers/STM32L4xx_HAL_Driver/Src/stm32l4xx_hal_pwr_ex.o
LOAD ./Drivers/STM32L4xx_HAL_Driver/Src/stm32l4xx_hal_rcc.o
LOAD ./Drivers/STM32L4xx_HAL_Driver/Src/stm32l4xx_hal_rcc_ex.o
LOAD ./Drivers/STM32L4xx_HAL_Driver/Src/stm32l4xx_hal_tim.o
LOAD ./Drivers/STM32L4xx_HAL_Driver/Src/stm32l4xx_hal_tim_ex.o
LOAD ./Drivers/STM32L4xx_HAL_Driver/Src/stm32l4xx_hal_uart.o
LOAD ./Drivers/STM32L4xx_HAL_Driver/Src/stm32l4xx_hal_uart_ex.o
LOAD ./Drivers/VL53L0X/Implementation/TOF_Units.o
LOAD ./Drivers/VL53L0X/Platform/TOF.o
LOAD ./Drivers/VL53L0X/Platform/vl53l0x_platform.o
LOAD ./Drivers/VL53L0X/Src/vl53l0x_api.o
LOAD ./Drivers/VL53L0X/Src/vl53l0x_api_calibration.o
LOAD ./Drivers/VL53L0X/Src/vl53l0x_api_core.o
LOAD ./Drivers/VL53L0X/Src/vl53l0x_api_ranging.o
LOAD ./Drivers/VL53L0X/Src/vl53l0x_api_strings.o
LOAD ./Drivers/VL53L0X/Src/vl53l0x_platform_log.o
START GROUP
LOAD c:/st/stm32cubeide_1.10.1/stm32cubeide/plugins/com.st.stm32cube.ide.mcu.externaltools.gnu-tools-for-stm32.10.3-2021.10.win32_1.0.100.202210260954/tools/bin/../lib/gcc/arm-none-eabi/10.3.1/../../../../arm-none-eabi/lib/thumb/v7e-m+fp/hard\libc_nano.a
LOAD c:/st/stm32cubeide_1.10.1/stm32cubeide/plugins/com.st.stm32cube.ide.mcu.externaltools.gnu-tools-for-stm32.10.3-2021.10.win32_1.0.100.202210260954/tools/bin/../lib/gcc/arm-none-eabi/10.3.1/../../../../arm-none-eabi/lib/thumb/v7e-m+fp/hard\libm.a
END GROUP
START GROUP
LOAD c:/st/stm32cubeide_1.10.1/stm32cubeide/plugins/com.st.stm32cube.ide.mcu.externaltools.gnu-tools-for-stm32.10.3-2021.10.win32_1.0.100.202210260954/tools/bin/../lib/gcc/arm-none-eabi/10.3.1/thumb/v7e-m+fp/hard\libgcc.a
LOAD c:/st/stm32cubeide_1.10.1/stm32cubeide/plugins/com.st.stm32cube.ide.mcu.externaltools.gnu-tools-for-stm32.10.3-2021.10.win32_1.0.100.202210260954/tools/bin/../lib/gcc/arm-none-eabi/10.3.1/../../../../arm-none-eabi/lib/thumb/v7e-m+fp/hard\libc_nano.a
END GROUP
START GROUP
LOAD c:/st/stm32cubeide_1.10.1/stm32cubeide/plugins/com.st.stm32cube.ide.mcu.externaltools.gnu-tools-for-stm32.10.3-2021.10.win32_1.0.100.202210260954/tools/bin/../lib/gcc/arm-none-eabi/10.3.1/thumb/v7e-m+fp/hard\libgcc.a
LOAD c:/st/stm32cubeide_1.10.1/stm32cubeide/plugins/com.st.stm32cube.ide.mcu.externaltools.gnu-tools-for-stm32.10.3-2021.10.win32_1.0.100.202210260954/tools/bin/../lib/gcc/arm-none-eabi/10.3.1/../../../../arm-none-eabi/lib/thumb/v7e-m+fp/hard\libc_nano.a
LOAD c:/st/stm32cubeide_1.10.1/stm32cubeide/plugins/com.st.stm32cube.ide.mcu.externaltools.gnu-tools-for-stm32.10.3-2021.10.win32_1.0.100.202210260954/tools/bin/../lib/gcc/arm-none-eabi/10.3.1/../../../../arm-none-eabi/lib/thumb/v7e-m+fp/hard\libnosys.a
END GROUP
START GROUP
LOAD c:/st/stm32cubeide_1.10.1/stm32cubeide/plugins/com.st.stm32cube.ide.mcu.externaltools.gnu-tools-for-stm32.10.3-2021.10.win32_1.0.100.202210260954/tools/bin/../lib/gcc/arm-none-eabi/10.3.1/thumb/v7e-m+fp/hard\libgcc.a
LOAD c:/st/stm32cubeide_1.10.1/stm32cubeide/plugins/com.st.stm32cube.ide.mcu.externaltools.gnu-tools-for-stm32.10.3-2021.10.win32_1.0.100.202210260954/tools/bin/../lib/gcc/arm-none-eabi/10.3.1/../../../../arm-none-eabi/lib/thumb/v7e-m+fp/hard\libc_nano.a
LOAD c:/st/stm32cubeide_1.10.1/stm32cubeide/plugins/com.st.stm32cube.ide.mcu.externaltools.gnu-tools-for-stm32.10.3-2021.10.win32_1.0.100.202210260954/tools/bin/../lib/gcc/arm-none-eabi/10.3.1/../../../../arm-none-eabi/lib/thumb/v7e-m+fp/hard\libnosys.a
END GROUP
LOAD c:/st/stm32cubeide_1.10.1/stm32cubeide/plugins/com.st.stm32cube.ide.mcu.externaltools.gnu-tools-for-stm32.10.3-2021.10.win32_1.0.100.202210260954/tools/bin/../lib/gcc/arm-none-eabi/10.3.1/thumb/v7e-m+fp/hard/crtend.o
LOAD c:/st/stm32cubeide_1.10.1/stm32cubeide/plugins/com.st.stm32cube.ide.mcu.externaltools.gnu-tools-for-stm32.10.3-2021.10.win32_1.0.100.202210260954/tools/bin/../lib/gcc/arm-none-eabi/10.3.1/thumb/v7e-m+fp/hard/crtn.o
                0x0000000020010000                _estack = (ORIGIN (RAM) + LENGTH (RAM))
                0x0000000000000200                _Min_Heap_Size = 0x200
                0x0000000000000400                _Min_Stack_Size = 0x400

.isr_vector     0x0000000008000000      0x18c
                0x0000000008000000                . = ALIGN (0x4)
 *(.isr_vector)
 .isr_vector    0x0000000008000000      0x18c ./Core/Startup/startup_stm32l432kcux.o
                0x0000000008000000                g_pfnVectors
                0x000000000800018c                . = ALIGN (0x4)

.text           0x0000000008000190     0x9e50
                0x0000000008000190                . = ALIGN (0x4)
 *(.text)
 .text          0x0000000008000190       0x40 c:/st/stm32cubeide_1.10.1/stm32cubeide/plugins/com.st.stm32cube.ide.mcu.externaltools.gnu-tools-for-stm32.10.3-2021.10.win32_1.0.100.202210260954/tools/bin/../lib/gcc/arm-none-eabi/10.3.1/thumb/v7e-m+fp/hard/crtbegin.o
 .text          0x00000000080001d0       0x10 c:/st/stm32cubeide_1.10.1/stm32cubeide/plugins/com.st.stm32cube.ide.mcu.externaltools.gnu-tools-for-stm32.10.3-2021.10.win32_1.0.100.202210260954/tools/bin/../lib/gcc/arm-none-eabi/10.3.1/../../../../arm-none-eabi/lib/thumb/v7e-m+fp/hard\libc_nano.a(lib_a-strlen.o)
                0x00000000080001d0                strlen
 .text          0x00000000080001e0       0xa0 c:/st/stm32cubeide_1.10.1/stm32cubeide/plugins/com.st.stm32cube.ide.mcu.externaltools.gnu-tools-for-stm32.10.3-2021.10.win32_1.0.100.202210260954/tools/bin/../lib/gcc/arm-none-eabi/10.3.1/../../../../arm-none-eabi/lib/thumb/v7e-m+fp/hard\libc_nano.a(lib_a-memchr.o)
                0x00000000080001e0                memchr
 .text          0x0000000008000280       0x30 c:/st/stm32cubeide_1.10.1/stm32cubeide/plugins/com.st.stm32cube.ide.mcu.externaltools.gnu-tools-for-stm32.10.3-2021.10.win32_1.0.100.202210260954/tools/bin/../lib/gcc/arm-none-eabi/10.3.1/thumb/v7e-m+fp/hard\libgcc.a(_aeabi_uldivmod.o)
                0x0000000008000280                __aeabi_uldivmod
 .text          0x00000000080002b0      0x2d0 c:/st/stm32cubeide_1.10.1/stm32cubeide/plugins/com.st.stm32cube.ide.mcu.externaltools.gnu-tools-for-stm32.10.3-2021.10.win32_1.0.100.202210260954/tools/bin/../lib/gcc/arm-none-eabi/10.3.1/thumb/v7e-m+fp/hard\libgcc.a(_udivmoddi4.o)
                0x00000000080002b0                __udivmoddi4
 .text          0x0000000008000580        0x4 c:/st/stm32cubeide_1.10.1/stm32cubeide/plugins/com.st.stm32cube.ide.mcu.externaltools.gnu-tools-for-stm32.10.3-2021.10.win32_1.0.100.202210260954/tools/bin/../lib/gcc/arm-none-eabi/10.3.1/thumb/v7e-m+fp/hard\libgcc.a(_dvmd_tls.o)
                0x0000000008000580                __aeabi_idiv0
                0x0000000008000580                __aeabi_ldiv0
 *(.text*)
 .text.configure_CAN
                0x0000000008000584       0x6c ./Core/Src/can.o
                0x0000000008000584                configure_CAN
 .text.HAL_CAN_RxFifo0MsgPendingCallback
                0x00000000080005f0       0x48 ./Core/Src/can.o
                0x00000000080005f0                HAL_CAN_RxFifo0MsgPendingCallback
 .text.format_frame
                0x0000000008000638       0xd8 ./Core/Src/can.o
                0x0000000008000638                format_frame
 .text.main     0x0000000008000710      0x134 ./Core/Src/main.o
                0x0000000008000710                main
 .text.SystemClock_Config
                0x0000000008000844       0xc4 ./Core/Src/main.o
                0x0000000008000844                SystemClock_Config
 .text.MX_CAN1_Init
                0x0000000008000908       0x6c ./Core/Src/main.o
 .text.MX_I2C1_Init
                0x0000000008000974       0x80 ./Core/Src/main.o
 .text.MX_USART2_UART_Init
                0x00000000080009f4       0x60 ./Core/Src/main.o
 .text.MX_GPIO_Init
                0x0000000008000a54       0xe0 ./Core/Src/main.o
 .text.Error_Handler
                0x0000000008000b34        0xa ./Core/Src/main.o
                0x0000000008000b34                Error_Handler
 *fill*         0x0000000008000b3e        0x2 
 .text.HAL_MspInit
                0x0000000008000b40       0x48 ./Core/Src/stm32l4xx_hal_msp.o
                0x0000000008000b40                HAL_MspInit
 .text.HAL_CAN_MspInit
                0x0000000008000b88       0xc8 ./Core/Src/stm32l4xx_hal_msp.o
                0x0000000008000b88                HAL_CAN_MspInit
 .text.HAL_I2C_MspInit
                0x0000000008000c50       0xd0 ./Core/Src/stm32l4xx_hal_msp.o
                0x0000000008000c50                HAL_I2C_MspInit
 .text.HAL_UART_MspInit
                0x0000000008000d20       0xd4 ./Core/Src/stm32l4xx_hal_msp.o
                0x0000000008000d20                HAL_UART_MspInit
 .text.NMI_Handler
                0x0000000008000df4        0x6 ./Core/Src/stm32l4xx_it.o
                0x0000000008000df4                NMI_Handler
 .text.HardFault_Handler
                0x0000000008000dfa        0x6 ./Core/Src/stm32l4xx_it.o
                0x0000000008000dfa                HardFault_Handler
 .text.MemManage_Handler
                0x0000000008000e00        0x6 ./Core/Src/stm32l4xx_it.o
                0x0000000008000e00                MemManage_Handler
 .text.BusFault_Handler
                0x0000000008000e06        0x6 ./Core/Src/stm32l4xx_it.o
                0x0000000008000e06                BusFault_Handler
 .text.UsageFault_Handler
                0x0000000008000e0c        0x6 ./Core/Src/stm32l4xx_it.o
                0x0000000008000e0c                UsageFault_Handler
 .text.SVC_Handler
                0x0000000008000e12        0xe ./Core/Src/stm32l4xx_it.o
                0x0000000008000e12                SVC_Handler
 .text.DebugMon_Handler
                0x0000000008000e20        0xe ./Core/Src/stm32l4xx_it.o
                0x0000000008000e20                DebugMon_Handler
 .text.PendSV_Handler
                0x0000000008000e2e        0xe ./Core/Src/stm32l4xx_it.o
                0x0000000008000e2e                PendSV_Handler
 .text.SysTick_Handler
                0x0000000008000e3c        0xc ./Core/Src/stm32l4xx_it.o
                0x0000000008000e3c                SysTick_Handler
 .text.CAN1_TX_IRQHandler
                0x0000000008000e48       0x14 ./Core/Src/stm32l4xx_it.o
                0x0000000008000e48                CAN1_TX_IRQHandler
 .text.CAN1_RX0_IRQHandler
                0x0000000008000e5c       0x14 ./Core/Src/stm32l4xx_it.o
                0x0000000008000e5c                CAN1_RX0_IRQHandler
 .text.CAN1_RX1_IRQHandler
                0x0000000008000e70       0x14 ./Core/Src/stm32l4xx_it.o
                0x0000000008000e70                CAN1_RX1_IRQHandler
 .text.CAN1_SCE_IRQHandler
                0x0000000008000e84       0x14 ./Core/Src/stm32l4xx_it.o
                0x0000000008000e84                CAN1_SCE_IRQHandler
 .text.I2C1_EV_IRQHandler
                0x0000000008000e98       0x14 ./Core/Src/stm32l4xx_it.o
                0x0000000008000e98                I2C1_EV_IRQHandler
 .text.I2C1_ER_IRQHandler
                0x0000000008000eac       0x14 ./Core/Src/stm32l4xx_it.o
                0x0000000008000eac                I2C1_ER_IRQHandler
 .text._sbrk    0x0000000008000ec0       0x6c ./Core/Src/sysmem.o
                0x0000000008000ec0                _sbrk
 .text.SystemInit
                0x0000000008000f2c       0x24 ./Core/Src/system_stm32l4xx.o
                0x0000000008000f2c                SystemInit
 .text.Reset_Handler
                0x0000000008000f50       0x50 ./Core/Startup/startup_stm32l432kcux.o
                0x0000000008000f50                Reset_Handler
 .text.Default_Handler
                0x0000000008000fa0        0x2 ./Core/Startup/startup_stm32l432kcux.o
                0x0000000008000fa0                RTC_Alarm_IRQHandler
                0x0000000008000fa0                EXTI2_IRQHandler
                0x0000000008000fa0                TIM1_CC_IRQHandler
                0x0000000008000fa0                TSC_IRQHandler
                0x0000000008000fa0                TAMP_STAMP_IRQHandler
                0x0000000008000fa0                EXTI3_IRQHandler
                0x0000000008000fa0                LPTIM2_IRQHandler
                0x0000000008000fa0                I2C3_ER_IRQHandler
                0x0000000008000fa0                EXTI0_IRQHandler
                0x0000000008000fa0                FPU_IRQHandler
                0x0000000008000fa0                TIM1_UP_TIM16_IRQHandler
                0x0000000008000fa0                SPI1_IRQHandler
                0x0000000008000fa0                TIM6_DAC_IRQHandler
                0x0000000008000fa0                DMA2_Channel2_IRQHandler
                0x0000000008000fa0                DMA1_Channel4_IRQHandler
                0x0000000008000fa0                ADC1_IRQHandler
                0x0000000008000fa0                DMA1_Channel7_IRQHandler
                0x0000000008000fa0                DMA2_Channel1_IRQHandler
                0x0000000008000fa0                QUADSPI_IRQHandler
                0x0000000008000fa0                DMA1_Channel6_IRQHandler
                0x0000000008000fa0                DMA2_Channel4_IRQHandler
                0x0000000008000fa0                RCC_IRQHandler
                0x0000000008000fa0                TIM1_TRG_COM_IRQHandler
                0x0000000008000fa0                DMA1_Channel1_IRQHandler
                0x0000000008000fa0                Default_Handler
                0x0000000008000fa0                DMA2_Channel7_IRQHandler
                0x0000000008000fa0                EXTI15_10_IRQHandler
                0x0000000008000fa0                TIM7_IRQHandler
                0x0000000008000fa0                I2C3_EV_IRQHandler
                0x0000000008000fa0                USB_IRQHandler
                0x0000000008000fa0                EXTI9_5_IRQHandler
                0x0000000008000fa0                RTC_WKUP_IRQHandler
                0x0000000008000fa0                PVD_PVM_IRQHandler
                0x0000000008000fa0                DMA2_Channel5_IRQHandler
                0x0000000008000fa0                CRS_IRQHandler
                0x0000000008000fa0                DMA1_Channel5_IRQHandler
                0x0000000008000fa0                EXTI4_IRQHandler
                0x0000000008000fa0                RNG_IRQHandler
                0x0000000008000fa0                DMA1_Channel3_IRQHandler
                0x0000000008000fa0                COMP_IRQHandler
                0x0000000008000fa0                WWDG_IRQHandler
                0x0000000008000fa0                LPUART1_IRQHandler
                0x0000000008000fa0                DMA2_Channel6_IRQHandler
                0x0000000008000fa0                TIM2_IRQHandler
                0x0000000008000fa0                EXTI1_IRQHandler
                0x0000000008000fa0                USART2_IRQHandler
                0x0000000008000fa0                DMA1_Channel2_IRQHandler
                0x0000000008000fa0                FLASH_IRQHandler
                0x0000000008000fa0                USART1_IRQHandler
                0x0000000008000fa0                SPI3_IRQHandler
                0x0000000008000fa0                SWPMI1_IRQHandler
                0x0000000008000fa0                LPTIM1_IRQHandler
                0x0000000008000fa0                SAI1_IRQHandler
                0x0000000008000fa0                DMA2_Channel3_IRQHandler
                0x0000000008000fa0                TIM1_BRK_TIM15_IRQHandler
 .text.HAL_Init
                0x0000000008000fa2       0x30 ./Drivers/STM32L4xx_HAL_Driver/Src/stm32l4xx_hal.o
                0x0000000008000fa2                HAL_Init
 *fill*         0x0000000008000fd2        0x2 
 .text.HAL_InitTick
                0x0000000008000fd4       0x78 ./Drivers/STM32L4xx_HAL_Driver/Src/stm32l4xx_hal.o
                0x0000000008000fd4                HAL_InitTick
 .text.HAL_IncTick
                0x000000000800104c       0x28 ./Drivers/STM32L4xx_HAL_Driver/Src/stm32l4xx_hal.o
                0x000000000800104c                HAL_IncTick
 .text.HAL_GetTick
                0x0000000008001074       0x18 ./Drivers/STM32L4xx_HAL_Driver/Src/stm32l4xx_hal.o
                0x0000000008001074                HAL_GetTick
 .text.HAL_Delay
                0x000000000800108c       0x48 ./Drivers/STM32L4xx_HAL_Driver/Src/stm32l4xx_hal.o
                0x000000000800108c                HAL_Delay
 .text.HAL_CAN_Init
                0x00000000080010d4      0x1f6 ./Drivers/STM32L4xx_HAL_Driver/Src/stm32l4xx_hal_can.o
                0x00000000080010d4                HAL_CAN_Init
 .text.HAL_CAN_ConfigFilter
                0x00000000080012ca      0x194 ./Drivers/STM32L4xx_HAL_Driver/Src/stm32l4xx_hal_can.o
                0x00000000080012ca                HAL_CAN_ConfigFilter
 .text.HAL_CAN_Start
                0x000000000800145e       0x88 ./Drivers/STM32L4xx_HAL_Driver/Src/stm32l4xx_hal_can.o
                0x000000000800145e                HAL_CAN_Start
 .text.HAL_CAN_GetRxMessage
                0x00000000080014e6      0x224 ./Drivers/STM32L4xx_HAL_Driver/Src/stm32l4xx_hal_can.o
                0x00000000080014e6                HAL_CAN_GetRxMessage
 .text.HAL_CAN_ActivateNotification
                0x000000000800170a       0x4c ./Drivers/STM32L4xx_HAL_Driver/Src/stm32l4xx_hal_can.o
                0x000000000800170a                HAL_CAN_ActivateNotification
 .text.HAL_CAN_IRQHandler
                0x0000000008001756      0x36e ./Drivers/STM32L4xx_HAL_Driver/Src/stm32l4xx_hal_can.o
                0x0000000008001756                HAL_CAN_IRQHandler
 .text.HAL_CAN_TxMailbox0CompleteCallback
                0x0000000008001ac4       0x14 ./Drivers/STM32L4xx_HAL_Driver/Src/stm32l4xx_hal_can.o
                0x0000000008001ac4                HAL_CAN_TxMailbox0CompleteCallback
 .text.HAL_CAN_TxMailbox1CompleteCallback
                0x0000000008001ad8       0x14 ./Drivers/STM32L4xx_HAL_Driver/Src/stm32l4xx_hal_can.o
                0x0000000008001ad8                HAL_CAN_TxMailbox1CompleteCallback
 .text.HAL_CAN_TxMailbox2CompleteCallback
                0x0000000008001aec       0x14 ./Drivers/STM32L4xx_HAL_Driver/Src/stm32l4xx_hal_can.o
                0x0000000008001aec                HAL_CAN_TxMailbox2CompleteCallback
 .text.HAL_CAN_TxMailbox0AbortCallback
                0x0000000008001b00       0x14 ./Drivers/STM32L4xx_HAL_Driver/Src/stm32l4xx_hal_can.o
                0x0000000008001b00                HAL_CAN_TxMailbox0AbortCallback
 .text.HAL_CAN_TxMailbox1AbortCallback
                0x0000000008001b14       0x14 ./Drivers/STM32L4xx_HAL_Driver/Src/stm32l4xx_hal_can.o
                0x0000000008001b14                HAL_CAN_TxMailbox1AbortCallback
 .text.HAL_CAN_TxMailbox2AbortCallback
                0x0000000008001b28       0x14 ./Drivers/STM32L4xx_HAL_Driver/Src/stm32l4xx_hal_can.o
                0x0000000008001b28                HAL_CAN_TxMailbox2AbortCallback
 .text.HAL_CAN_RxFifo0FullCallback
                0x0000000008001b3c       0x14 ./Drivers/STM32L4xx_HAL_Driver/Src/stm32l4xx_hal_can.o
                0x0000000008001b3c                HAL_CAN_RxFifo0FullCallback
 .text.HAL_CAN_RxFifo1MsgPendingCallback
                0x0000000008001b50       0x14 ./Drivers/STM32L4xx_HAL_Driver/Src/stm32l4xx_hal_can.o
                0x0000000008001b50                HAL_CAN_RxFifo1MsgPendingCallback
 .text.HAL_CAN_RxFifo1FullCallback
                0x0000000008001b64       0x14 ./Drivers/STM32L4xx_HAL_Driver/Src/stm32l4xx_hal_can.o
                0x0000000008001b64                HAL_CAN_RxFifo1FullCallback
 .text.HAL_CAN_SleepCallback
                0x0000000008001b78       0x14 ./Drivers/STM32L4xx_HAL_Driver/Src/stm32l4xx_hal_can.o
                0x0000000008001b78                HAL_CAN_SleepCallback
 .text.HAL_CAN_WakeUpFromRxMsgCallback
                0x0000000008001b8c       0x14 ./Drivers/STM32L4xx_HAL_Driver/Src/stm32l4xx_hal_can.o
                0x0000000008001b8c                HAL_CAN_WakeUpFromRxMsgCallback
 .text.HAL_CAN_ErrorCallback
                0x0000000008001ba0       0x14 ./Drivers/STM32L4xx_HAL_Driver/Src/stm32l4xx_hal_can.o
                0x0000000008001ba0                HAL_CAN_ErrorCallback
 .text.__NVIC_SetPriorityGrouping
                0x0000000008001bb4       0x48 ./Drivers/STM32L4xx_HAL_Driver/Src/stm32l4xx_hal_cortex.o
 .text.__NVIC_GetPriorityGrouping
                0x0000000008001bfc       0x1c ./Drivers/STM32L4xx_HAL_Driver/Src/stm32l4xx_hal_cortex.o
 .text.__NVIC_EnableIRQ
                0x0000000008001c18       0x3c ./Drivers/STM32L4xx_HAL_Driver/Src/stm32l4xx_hal_cortex.o
 .text.__NVIC_SetPriority
                0x0000000008001c54       0x54 ./Drivers/STM32L4xx_HAL_Driver/Src/stm32l4xx_hal_cortex.o
 .text.NVIC_EncodePriority
                0x0000000008001ca8       0x66 ./Drivers/STM32L4xx_HAL_Driver/Src/stm32l4xx_hal_cortex.o
 *fill*         0x0000000008001d0e        0x2 
 .text.SysTick_Config
                0x0000000008001d10       0x44 ./Drivers/STM32L4xx_HAL_Driver/Src/stm32l4xx_hal_cortex.o
 .text.HAL_NVIC_SetPriorityGrouping
                0x0000000008001d54       0x16 ./Drivers/STM32L4xx_HAL_Driver/Src/stm32l4xx_hal_cortex.o
                0x0000000008001d54                HAL_NVIC_SetPriorityGrouping
 .text.HAL_NVIC_SetPriority
                0x0000000008001d6a       0x38 ./Drivers/STM32L4xx_HAL_Driver/Src/stm32l4xx_hal_cortex.o
                0x0000000008001d6a                HAL_NVIC_SetPriority
 .text.HAL_NVIC_EnableIRQ
                0x0000000008001da2       0x1c ./Drivers/STM32L4xx_HAL_Driver/Src/stm32l4xx_hal_cortex.o
                0x0000000008001da2                HAL_NVIC_EnableIRQ
 .text.HAL_SYSTICK_Config
                0x0000000008001dbe       0x18 ./Drivers/STM32L4xx_HAL_Driver/Src/stm32l4xx_hal_cortex.o
                0x0000000008001dbe                HAL_SYSTICK_Config
 .text.HAL_DMA_Abort_IT
                0x0000000008001dd6       0x82 ./Drivers/STM32L4xx_HAL_Driver/Src/stm32l4xx_hal_dma.o
                0x0000000008001dd6                HAL_DMA_Abort_IT
 .text.HAL_DMA_GetState
                0x0000000008001e58       0x1c ./Drivers/STM32L4xx_HAL_Driver/Src/stm32l4xx_hal_dma.o
                0x0000000008001e58                HAL_DMA_GetState
 .text.HAL_GPIO_Init
                0x0000000008001e74      0x2d4 ./Drivers/STM32L4xx_HAL_Driver/Src/stm32l4xx_hal_gpio.o
                0x0000000008001e74                HAL_GPIO_Init
 .text.HAL_GPIO_WritePin
                0x0000000008002148       0x30 ./Drivers/STM32L4xx_HAL_Driver/Src/stm32l4xx_hal_gpio.o
                0x0000000008002148                HAL_GPIO_WritePin
 .text.HAL_I2C_Init
                0x0000000008002178      0x11e ./Drivers/STM32L4xx_HAL_Driver/Src/stm32l4xx_hal_i2c.o
                0x0000000008002178                HAL_I2C_Init
 *fill*         0x0000000008002296        0x2 
 .text.HAL_I2C_Master_Transmit
                0x0000000008002298      0x1e8 ./Drivers/STM32L4xx_HAL_Driver/Src/stm32l4xx_hal_i2c.o
                0x0000000008002298                HAL_I2C_Master_Transmit
 .text.HAL_I2C_Master_Receive
                0x0000000008002480      0x1ec ./Drivers/STM32L4xx_HAL_Driver/Src/stm32l4xx_hal_i2c.o
                0x0000000008002480                HAL_I2C_Master_Receive
 .text.HAL_I2C_EV_IRQHandler
                0x000000000800266c       0x34 ./Drivers/STM32L4xx_HAL_Driver/Src/stm32l4xx_hal_i2c.o
                0x000000000800266c                HAL_I2C_EV_IRQHandler
 .text.HAL_I2C_ER_IRQHandler
                0x00000000080026a0       0xc2 ./Drivers/STM32L4xx_HAL_Driver/Src/stm32l4xx_hal_i2c.o
                0x00000000080026a0                HAL_I2C_ER_IRQHandler
 .text.HAL_I2C_SlaveTxCpltCallback
                0x0000000008002762       0x14 ./Drivers/STM32L4xx_HAL_Driver/Src/stm32l4xx_hal_i2c.o
                0x0000000008002762                HAL_I2C_SlaveTxCpltCallback
 .text.HAL_I2C_SlaveRxCpltCallback
                0x0000000008002776       0x14 ./Drivers/STM32L4xx_HAL_Driver/Src/stm32l4xx_hal_i2c.o
                0x0000000008002776                HAL_I2C_SlaveRxCpltCallback
 .text.HAL_I2C_AddrCallback
                0x000000000800278a       0x1c ./Drivers/STM32L4xx_HAL_Driver/Src/stm32l4xx_hal_i2c.o
                0x000000000800278a                HAL_I2C_AddrCallback
 .text.HAL_I2C_ListenCpltCallback
                0x00000000080027a6       0x14 ./Drivers/STM32L4xx_HAL_Driver/Src/stm32l4xx_hal_i2c.o
                0x00000000080027a6                HAL_I2C_ListenCpltCallback
 .text.HAL_I2C_ErrorCallback
                0x00000000080027ba       0x14 ./Drivers/STM32L4xx_HAL_Driver/Src/stm32l4xx_hal_i2c.o
                0x00000000080027ba                HAL_I2C_ErrorCallback
 .text.HAL_I2C_AbortCpltCallback
                0x00000000080027ce       0x14 ./Drivers/STM32L4xx_HAL_Driver/Src/stm32l4xx_hal_i2c.o
                0x00000000080027ce                HAL_I2C_AbortCpltCallback
 .text.I2C_Slave_ISR_IT
                0x00000000080027e2      0x206 ./Drivers/STM32L4xx_HAL_Driver/Src/stm32l4xx_hal_i2c.o
 .text.I2C_ITAddrCplt
                0x00000000080029e8      0x108 ./Drivers/STM32L4xx_HAL_Driver/Src/stm32l4xx_hal_i2c.o
 .text.I2C_ITSlaveSeqCplt
                0x0000000008002af0       0xbc ./Drivers/STM32L4xx_HAL_Driver/Src/stm32l4xx_hal_i2c.o
 .text.I2C_ITSlaveCplt
                0x0000000008002bac      0x214 ./Drivers/STM32L4xx_HAL_Driver/Src/stm32l4xx_hal_i2c.o
 .text.I2C_ITListenCplt
                0x0000000008002dc0       0xac ./Drivers/STM32L4xx_HAL_Driver/Src/stm32l4xx_hal_i2c.o
 .text.I2C_ITError
                0x0000000008002e6c      0x1a0 ./Drivers/STM32L4xx_HAL_Driver/Src/stm32l4xx_hal_i2c.o
 .text.I2C_TreatErrorCallback
                0x000000000800300c       0x4e ./Drivers/STM32L4xx_HAL_Driver/Src/stm32l4xx_hal_i2c.o
 .text.I2C_Flush_TXDR
                0x000000000800305a       0x48 ./Drivers/STM32L4xx_HAL_Driver/Src/stm32l4xx_hal_i2c.o
 .text.I2C_DMAAbort
                0x00000000080030a2       0x3c ./Drivers/STM32L4xx_HAL_Driver/Src/stm32l4xx_hal_i2c.o
 .text.I2C_WaitOnFlagUntilTimeout
                0x00000000080030de       0x80 ./Drivers/STM32L4xx_HAL_Driver/Src/stm32l4xx_hal_i2c.o
 .text.I2C_WaitOnTXISFlagUntilTimeout
                0x000000000800315e       0x80 ./Drivers/STM32L4xx_HAL_Driver/Src/stm32l4xx_hal_i2c.o
 .text.I2C_WaitOnSTOPFlagUntilTimeout
                0x00000000080031de       0x78 ./Drivers/STM32L4xx_HAL_Driver/Src/stm32l4xx_hal_i2c.o
 *fill*         0x0000000008003256        0x2 
 .text.I2C_WaitOnRXNEFlagUntilTimeout
                0x0000000008003258       0xf4 ./Drivers/STM32L4xx_HAL_Driver/Src/stm32l4xx_hal_i2c.o
 .text.I2C_IsErrorOccurred
                0x000000000800334c      0x1d8 ./Drivers/STM32L4xx_HAL_Driver/Src/stm32l4xx_hal_i2c.o
 .text.I2C_TransferConfig
                0x0000000008003524       0x64 ./Drivers/STM32L4xx_HAL_Driver/Src/stm32l4xx_hal_i2c.o
 .text.I2C_Disable_IRQ
                0x0000000008003588       0xbc ./Drivers/STM32L4xx_HAL_Driver/Src/stm32l4xx_hal_i2c.o
 .text.HAL_I2CEx_ConfigAnalogFilter
                0x0000000008003644       0x96 ./Drivers/STM32L4xx_HAL_Driver/Src/stm32l4xx_hal_i2c_ex.o
                0x0000000008003644                HAL_I2CEx_ConfigAnalogFilter
 .text.HAL_I2CEx_ConfigDigitalFilter
                0x00000000080036da       0x98 ./Drivers/STM32L4xx_HAL_Driver/Src/stm32l4xx_hal_i2c_ex.o
                0x00000000080036da                HAL_I2CEx_ConfigDigitalFilter
 *fill*         0x0000000008003772        0x2 
 .text.HAL_PWR_EnableBkUpAccess
                0x0000000008003774       0x20 ./Drivers/STM32L4xx_HAL_Driver/Src/stm32l4xx_hal_pwr.o
                0x0000000008003774                HAL_PWR_EnableBkUpAccess
 .text.HAL_PWREx_GetVoltageRange
                0x0000000008003794       0x1c ./Drivers/STM32L4xx_HAL_Driver/Src/stm32l4xx_hal_pwr_ex.o
                0x0000000008003794                HAL_PWREx_GetVoltageRange
 .text.HAL_PWREx_ControlVoltageScaling
                0x00000000080037b0       0xac ./Drivers/STM32L4xx_HAL_Driver/Src/stm32l4xx_hal_pwr_ex.o
                0x00000000080037b0                HAL_PWREx_ControlVoltageScaling
 .text.HAL_RCC_OscConfig
                0x000000000800385c      0x828 ./Drivers/STM32L4xx_HAL_Driver/Src/stm32l4xx_hal_rcc.o
                0x000000000800385c                HAL_RCC_OscConfig
 .text.HAL_RCC_ClockConfig
                0x0000000008004084      0x200 ./Drivers/STM32L4xx_HAL_Driver/Src/stm32l4xx_hal_rcc.o
                0x0000000008004084                HAL_RCC_ClockConfig
 .text.HAL_RCC_GetSysClockFreq
                0x0000000008004284      0x118 ./Drivers/STM32L4xx_HAL_Driver/Src/stm32l4xx_hal_rcc.o
                0x0000000008004284                HAL_RCC_GetSysClockFreq
 .text.HAL_RCC_GetHCLKFreq
                0x000000000800439c       0x18 ./Drivers/STM32L4xx_HAL_Driver/Src/stm32l4xx_hal_rcc.o
                0x000000000800439c                HAL_RCC_GetHCLKFreq
 .text.HAL_RCC_GetPCLK1Freq
                0x00000000080043b4       0x2c ./Drivers/STM32L4xx_HAL_Driver/Src/stm32l4xx_hal_rcc.o
                0x00000000080043b4                HAL_RCC_GetPCLK1Freq
 .text.HAL_RCC_GetPCLK2Freq
                0x00000000080043e0       0x2c ./Drivers/STM32L4xx_HAL_Driver/Src/stm32l4xx_hal_rcc.o
                0x00000000080043e0                HAL_RCC_GetPCLK2Freq
 .text.RCC_SetFlashLatencyFromMSIRange
                0x000000000800440c       0xc0 ./Drivers/STM32L4xx_HAL_Driver/Src/stm32l4xx_hal_rcc.o
 .text.HAL_RCCEx_PeriphCLKConfig
                0x00000000080044cc      0x3ec ./Drivers/STM32L4xx_HAL_Driver/Src/stm32l4xx_hal_rcc_ex.o
                0x00000000080044cc                HAL_RCCEx_PeriphCLKConfig
 .text.HAL_RCCEx_EnableMSIPLLMode
                0x00000000080048b8       0x20 ./Drivers/STM32L4xx_HAL_Driver/Src/stm32l4xx_hal_rcc_ex.o
                0x00000000080048b8                HAL_RCCEx_EnableMSIPLLMode
 .text.RCCEx_PLLSAI1_Config
                0x00000000080048d8      0x1e4 ./Drivers/STM32L4xx_HAL_Driver/Src/stm32l4xx_hal_rcc_ex.o
 .text.HAL_UART_Init
                0x0000000008004abc       0x9c ./Drivers/STM32L4xx_HAL_Driver/Src/stm32l4xx_hal_uart.o
                0x0000000008004abc                HAL_UART_Init
 .text.HAL_UART_Transmit
                0x0000000008004b58      0x128 ./Drivers/STM32L4xx_HAL_Driver/Src/stm32l4xx_hal_uart.o
                0x0000000008004b58                HAL_UART_Transmit
 .text.UART_SetConfig
                0x0000000008004c80      0x458 ./Drivers/STM32L4xx_HAL_Driver/Src/stm32l4xx_hal_uart.o
                0x0000000008004c80                UART_SetConfig
 .text.UART_AdvFeatureConfig
                0x00000000080050d8      0x144 ./Drivers/STM32L4xx_HAL_Driver/Src/stm32l4xx_hal_uart.o
                0x00000000080050d8                UART_AdvFeatureConfig
 .text.UART_CheckIdleState
                0x000000000800521c       0x92 ./Drivers/STM32L4xx_HAL_Driver/Src/stm32l4xx_hal_uart.o
                0x000000000800521c                UART_CheckIdleState
 .text.UART_WaitOnFlagUntilTimeout
                0x00000000080052ae      0x188 ./Drivers/STM32L4xx_HAL_Driver/Src/stm32l4xx_hal_uart.o
                0x00000000080052ae                UART_WaitOnFlagUntilTimeout
 *fill*         0x0000000008005436        0x2 
 .text.TOF_XSHUT_Write
                0x0000000008005438       0x4c ./Drivers/VL53L0X/Platform/TOF.o
                0x0000000008005438                TOF_XSHUT_Write
 .text.TOF_Init_I2C_Adresses
                0x0000000008005484      0x17c ./Drivers/VL53L0X/Platform/TOF.o
                0x0000000008005484                TOF_Init_I2C_Adresses
 .text.TOF_Init_Item
                0x0000000008005600      0x1cc ./Drivers/VL53L0X/Platform/TOF.o
                0x0000000008005600                TOF_Init_Item
 .text.TOF_Init
                0x00000000080057cc       0x64 ./Drivers/VL53L0X/Platform/TOF.o
                0x00000000080057cc                TOF_Init
 .text.TOF_Get_Range
                0x0000000008005830       0x80 ./Drivers/VL53L0X/Platform/TOF.o
                0x0000000008005830                TOF_Get_Range
 .text._I2CWrite
                0x00000000080058b0       0x3e ./Drivers/VL53L0X/Platform/vl53l0x_platform.o
                0x00000000080058b0                _I2CWrite
 .text._I2CRead
                0x00000000080058ee       0x44 ./Drivers/VL53L0X/Platform/vl53l0x_platform.o
                0x00000000080058ee                _I2CRead
 *fill*         0x0000000008005932        0x2 
 .text.VL53L0X_WriteMulti
                0x0000000008005934       0x60 ./Drivers/VL53L0X/Platform/vl53l0x_platform.o
                0x0000000008005934                VL53L0X_WriteMulti
 .text.VL53L0X_ReadMulti
                0x0000000008005994       0x56 ./Drivers/VL53L0X/Platform/vl53l0x_platform.o
                0x0000000008005994                VL53L0X_ReadMulti
 *fill*         0x00000000080059ea        0x2 
 .text.VL53L0X_WrByte
                0x00000000080059ec       0x48 ./Drivers/VL53L0X/Platform/vl53l0x_platform.o
                0x00000000080059ec                VL53L0X_WrByte
 .text.VL53L0X_WrWord
                0x0000000008005a34       0x54 ./Drivers/VL53L0X/Platform/vl53l0x_platform.o
                0x0000000008005a34                VL53L0X_WrWord
 .text.VL53L0X_UpdateByte
                0x0000000008005a88       0x68 ./Drivers/VL53L0X/Platform/vl53l0x_platform.o
                0x0000000008005a88                VL53L0X_UpdateByte
 .text.VL53L0X_RdByte
                0x0000000008005af0       0x54 ./Drivers/VL53L0X/Platform/vl53l0x_platform.o
                0x0000000008005af0                VL53L0X_RdByte
 .text.VL53L0X_RdWord
                0x0000000008005b44       0x70 ./Drivers/VL53L0X/Platform/vl53l0x_platform.o
                0x0000000008005b44                VL53L0X_RdWord
 .text.VL53L0X_RdDWord
                0x0000000008005bb4       0x78 ./Drivers/VL53L0X/Platform/vl53l0x_platform.o
                0x0000000008005bb4                VL53L0X_RdDWord
 .text.VL53L0X_PollingDelay
                0x0000000008005c2c       0x1e ./Drivers/VL53L0X/Platform/vl53l0x_platform.o
                0x0000000008005c2c                VL53L0X_PollingDelay
 .text.VL53L0X_GetOffsetCalibrationDataMicroMeter
                0x0000000008005c4a       0x26 ./Drivers/VL53L0X/Src/vl53l0x_api.o
                0x0000000008005c4a                VL53L0X_GetOffsetCalibrationDataMicroMeter
 .text.VL53L0X_SetDeviceAddress
                0x0000000008005c70       0x30 ./Drivers/VL53L0X/Src/vl53l0x_api.o
                0x0000000008005c70                VL53L0X_SetDeviceAddress
 .text.VL53L0X_DataInit
                0x0000000008005ca0      0x2c8 ./Drivers/VL53L0X/Src/vl53l0x_api.o
                0x0000000008005ca0                VL53L0X_DataInit
 .text.VL53L0X_GetDeviceParameters
                0x0000000008005f68      0x120 ./Drivers/VL53L0X/Src/vl53l0x_api.o
                0x0000000008005f68                VL53L0X_GetDeviceParameters
 .text.VL53L0X_SetDeviceMode
                0x0000000008006088       0x58 ./Drivers/VL53L0X/Src/vl53l0x_api.o
                0x0000000008006088                VL53L0X_SetDeviceMode
 .text.VL53L0X_GetDeviceMode
                0x00000000080060e0       0x26 ./Drivers/VL53L0X/Src/vl53l0x_api.o
                0x00000000080060e0                VL53L0X_GetDeviceMode
 .text.VL53L0X_SetMeasurementTimingBudgetMicroSeconds
                0x0000000008006106       0x26 ./Drivers/VL53L0X/Src/vl53l0x_api.o
                0x0000000008006106                VL53L0X_SetMeasurementTimingBudgetMicroSeconds
 .text.VL53L0X_GetMeasurementTimingBudgetMicroSeconds
                0x000000000800612c       0x26 ./Drivers/VL53L0X/Src/vl53l0x_api.o
                0x000000000800612c                VL53L0X_GetMeasurementTimingBudgetMicroSeconds
 .text.VL53L0X_SetVcselPulsePeriod
                0x0000000008006152       0x30 ./Drivers/VL53L0X/Src/vl53l0x_api.o
                0x0000000008006152                VL53L0X_SetVcselPulsePeriod
 .text.VL53L0X_GetVcselPulsePeriod
                0x0000000008006182       0x2e ./Drivers/VL53L0X/Src/vl53l0x_api.o
                0x0000000008006182                VL53L0X_GetVcselPulsePeriod
 .text.sequence_step_enabled
                0x00000000080061b0       0xa4 ./Drivers/VL53L0X/Src/vl53l0x_api.o
                0x00000000080061b0                sequence_step_enabled
 .text.VL53L0X_GetSequenceStepEnables
                0x0000000008006254       0xb0 ./Drivers/VL53L0X/Src/vl53l0x_api.o
                0x0000000008006254                VL53L0X_GetSequenceStepEnables
 .text.VL53L0X_GetInterMeasurementPeriodMilliSeconds
                0x0000000008006304       0x68 ./Drivers/VL53L0X/Src/vl53l0x_api.o
                0x0000000008006304                VL53L0X_GetInterMeasurementPeriodMilliSeconds
 .text.VL53L0X_GetXTalkCompensationEnable
                0x000000000800636c       0x2a ./Drivers/VL53L0X/Src/vl53l0x_api.o
                0x000000000800636c                VL53L0X_GetXTalkCompensationEnable
 .text.VL53L0X_GetXTalkCompensationRateMegaCps
                0x0000000008006396       0x66 ./Drivers/VL53L0X/Src/vl53l0x_api.o
                0x0000000008006396                VL53L0X_GetXTalkCompensationRateMegaCps
 .text.VL53L0X_SetLimitCheckEnable
                0x00000000080063fc      0x118 ./Drivers/VL53L0X/Src/vl53l0x_api.o
                0x00000000080063fc                VL53L0X_SetLimitCheckEnable
 .text.VL53L0X_GetLimitCheckEnable
                0x0000000008006514       0x46 ./Drivers/VL53L0X/Src/vl53l0x_api.o
                0x0000000008006514                VL53L0X_GetLimitCheckEnable
 *fill*         0x000000000800655a        0x2 
 .text.VL53L0X_SetLimitCheckValue
                0x000000000800655c       0xc4 ./Drivers/VL53L0X/Src/vl53l0x_api.o
                0x000000000800655c                VL53L0X_SetLimitCheckValue
 .text.VL53L0X_GetLimitCheckValue
                0x0000000008006620      0x11c ./Drivers/VL53L0X/Src/vl53l0x_api.o
                0x0000000008006620                VL53L0X_GetLimitCheckValue
 .text.VL53L0X_GetWrapAroundCheckEnable
                0x000000000800673c       0x64 ./Drivers/VL53L0X/Src/vl53l0x_api.o
                0x000000000800673c                VL53L0X_GetWrapAroundCheckEnable
 .text.VL53L0X_PerformSingleMeasurement
                0x00000000080067a0       0x68 ./Drivers/VL53L0X/Src/vl53l0x_api.o
                0x00000000080067a0                VL53L0X_PerformSingleMeasurement
 .text.VL53L0X_PerformRefCalibration
                0x0000000008006808       0x2c ./Drivers/VL53L0X/Src/vl53l0x_api.o
                0x0000000008006808                VL53L0X_PerformRefCalibration
 .text.VL53L0X_CheckAndLoadInterruptSettings
                0x0000000008006834       0xcc ./Drivers/VL53L0X/Src/vl53l0x_api.o
                0x0000000008006834                VL53L0X_CheckAndLoadInterruptSettings
 .text.VL53L0X_StartMeasurement
                0x0000000008006900      0x184 ./Drivers/VL53L0X/Src/vl53l0x_api.o
                0x0000000008006900                VL53L0X_StartMeasurement
 .text.VL53L0X_GetMeasurementDataReady
                0x0000000008006a84       0x80 ./Drivers/VL53L0X/Src/vl53l0x_api.o
                0x0000000008006a84                VL53L0X_GetMeasurementDataReady
 .text.VL53L0X_GetRangingMeasurementData
                0x0000000008006b04      0x248 ./Drivers/VL53L0X/Src/vl53l0x_api.o
                0x0000000008006b04                VL53L0X_GetRangingMeasurementData
 .text.VL53L0X_PerformSingleRangingMeasurement
                0x0000000008006d4c       0x60 ./Drivers/VL53L0X/Src/vl53l0x_api.o
                0x0000000008006d4c                VL53L0X_PerformSingleRangingMeasurement
 .text.VL53L0X_GetInterruptThresholds
                0x0000000008006dac       0x6c ./Drivers/VL53L0X/Src/vl53l0x_api.o
                0x0000000008006dac                VL53L0X_GetInterruptThresholds
 .text.VL53L0X_ClearInterruptMask
                0x0000000008006e18       0x80 ./Drivers/VL53L0X/Src/vl53l0x_api.o
                0x0000000008006e18                VL53L0X_ClearInterruptMask
 .text.VL53L0X_GetInterruptMaskStatus
                0x0000000008006e98       0x44 ./Drivers/VL53L0X/Src/vl53l0x_api.o
                0x0000000008006e98                VL53L0X_GetInterruptMaskStatus
 .text.VL53L0X_PerformRefSpadManagement
                0x0000000008006edc       0x2a ./Drivers/VL53L0X/Src/vl53l0x_api.o
                0x0000000008006edc                VL53L0X_PerformRefSpadManagement
 .text.VL53L0X_get_offset_calibration_data_micro_meter
                0x0000000008006f06       0x7e ./Drivers/VL53L0X/Src/vl53l0x_api_calibration.o
                0x0000000008006f06                VL53L0X_get_offset_calibration_data_micro_meter
 .text.get_next_good_spad
                0x0000000008006f84       0xbc ./Drivers/VL53L0X/Src/vl53l0x_api_calibration.o
                0x0000000008006f84                get_next_good_spad
 .text.is_aperture
                0x0000000008007040       0x34 ./Drivers/VL53L0X/Src/vl53l0x_api_calibration.o
                0x0000000008007040                is_aperture
 .text.enable_spad_bit
                0x0000000008007074       0x70 ./Drivers/VL53L0X/Src/vl53l0x_api_calibration.o
                0x0000000008007074                enable_spad_bit
 .text.set_ref_spad_map
                0x00000000080070e4       0x26 ./Drivers/VL53L0X/Src/vl53l0x_api_calibration.o
                0x00000000080070e4                set_ref_spad_map
 .text.get_ref_spad_map
                0x000000000800710a       0x26 ./Drivers/VL53L0X/Src/vl53l0x_api_calibration.o
                0x000000000800710a                get_ref_spad_map
 .text.enable_ref_spads
                0x0000000008007130       0xf8 ./Drivers/VL53L0X/Src/vl53l0x_api_calibration.o
                0x0000000008007130                enable_ref_spads
 .text.perform_ref_signal_measurement
                0x0000000008007228       0xd4 ./Drivers/VL53L0X/Src/vl53l0x_api_calibration.o
                0x0000000008007228                perform_ref_signal_measurement
 .text.VL53L0X_perform_ref_spad_management
                0x00000000080072fc      0x418 ./Drivers/VL53L0X/Src/vl53l0x_api_calibration.o
                0x00000000080072fc                VL53L0X_perform_ref_spad_management
 .text.VL53L0X_perform_single_ref_calibration
                0x0000000008007714       0x76 ./Drivers/VL53L0X/Src/vl53l0x_api_calibration.o
                0x0000000008007714                VL53L0X_perform_single_ref_calibration
 .text.VL53L0X_ref_calibration_io
                0x000000000800778a      0x132 ./Drivers/VL53L0X/Src/vl53l0x_api_calibration.o
                0x000000000800778a                VL53L0X_ref_calibration_io
 .text.VL53L0X_perform_vhv_calibration
                0x00000000080078bc       0xce ./Drivers/VL53L0X/Src/vl53l0x_api_calibration.o
                0x00000000080078bc                VL53L0X_perform_vhv_calibration
 .text.VL53L0X_perform_phase_calibration
                0x000000000800798a       0xca ./Drivers/VL53L0X/Src/vl53l0x_api_calibration.o
                0x000000000800798a                VL53L0X_perform_phase_calibration
 .text.VL53L0X_perform_ref_calibration
                0x0000000008007a54       0x7a ./Drivers/VL53L0X/Src/vl53l0x_api_calibration.o
                0x0000000008007a54                VL53L0X_perform_ref_calibration
 .text.VL53L0X_measurement_poll_for_completion
                0x0000000008007ace       0x60 ./Drivers/VL53L0X/Src/vl53l0x_api_core.o
                0x0000000008007ace                VL53L0X_measurement_poll_for_completion
 .text.VL53L0X_decode_vcsel_period
                0x0000000008007b2e       0x26 ./Drivers/VL53L0X/Src/vl53l0x_api_core.o
                0x0000000008007b2e                VL53L0X_decode_vcsel_period
 .text.VL53L0X_encode_vcsel_period
                0x0000000008007b54       0x26 ./Drivers/VL53L0X/Src/vl53l0x_api_core.o
                0x0000000008007b54                VL53L0X_encode_vcsel_period
 .text.VL53L0X_isqrt
                0x0000000008007b7a       0x68 ./Drivers/VL53L0X/Src/vl53l0x_api_core.o
                0x0000000008007b7a                VL53L0X_isqrt
 .text.VL53L0X_calc_macro_period_ps
                0x0000000008007be2       0x3c ./Drivers/VL53L0X/Src/vl53l0x_api_core.o
                0x0000000008007be2                VL53L0X_calc_macro_period_ps
 .text.VL53L0X_encode_timeout
                0x0000000008007c1e       0x58 ./Drivers/VL53L0X/Src/vl53l0x_api_core.o
                0x0000000008007c1e                VL53L0X_encode_timeout
 .text.VL53L0X_decode_timeout
                0x0000000008007c76       0x2c ./Drivers/VL53L0X/Src/vl53l0x_api_core.o
                0x0000000008007c76                VL53L0X_decode_timeout
 *fill*         0x0000000008007ca2        0x2 
 .text.VL53L0X_calc_timeout_mclks
                0x0000000008007ca4       0x54 ./Drivers/VL53L0X/Src/vl53l0x_api_core.o
                0x0000000008007ca4                VL53L0X_calc_timeout_mclks
 .text.VL53L0X_calc_timeout_us
                0x0000000008007cf8       0x54 ./Drivers/VL53L0X/Src/vl53l0x_api_core.o
                0x0000000008007cf8                VL53L0X_calc_timeout_us
 .text.get_sequence_step_timeout
                0x0000000008007d4c      0x1c2 ./Drivers/VL53L0X/Src/vl53l0x_api_core.o
                0x0000000008007d4c                get_sequence_step_timeout
 .text.set_sequence_step_timeout
                0x0000000008007f0e      0x1e4 ./Drivers/VL53L0X/Src/vl53l0x_api_core.o
                0x0000000008007f0e                set_sequence_step_timeout
 .text.VL53L0X_set_vcsel_pulse_period
                0x00000000080080f2      0x512 ./Drivers/VL53L0X/Src/vl53l0x_api_core.o
                0x00000000080080f2                VL53L0X_set_vcsel_pulse_period
 .text.VL53L0X_get_vcsel_pulse_period
                0x0000000008008604       0x6e ./Drivers/VL53L0X/Src/vl53l0x_api_core.o
                0x0000000008008604                VL53L0X_get_vcsel_pulse_period
 .text.VL53L0X_set_measurement_timing_budget_micro_seconds
                0x0000000008008672      0x1c0 ./Drivers/VL53L0X/Src/vl53l0x_api_core.o
                0x0000000008008672                VL53L0X_set_measurement_timing_budget_micro_seconds
 .text.VL53L0X_get_measurement_timing_budget_micro_seconds
                0x0000000008008832      0x162 ./Drivers/VL53L0X/Src/vl53l0x_api_core.o
                0x0000000008008832                VL53L0X_get_measurement_timing_budget_micro_seconds
 .text.VL53L0X_load_tuning_settings
                0x0000000008008994      0x1c4 ./Drivers/VL53L0X/Src/vl53l0x_api_core.o
                0x0000000008008994                VL53L0X_load_tuning_settings
 .text.VL53L0X_get_total_xtalk_rate
                0x0000000008008b58       0x5e ./Drivers/VL53L0X/Src/vl53l0x_api_core.o
                0x0000000008008b58                VL53L0X_get_total_xtalk_rate
 .text.VL53L0X_get_total_signal_rate
                0x0000000008008bb6       0x4a ./Drivers/VL53L0X/Src/vl53l0x_api_core.o
                0x0000000008008bb6                VL53L0X_get_total_signal_rate
 .text.VL53L0X_calc_dmax
                0x0000000008008c00      0x238 ./Drivers/VL53L0X/Src/vl53l0x_api_core.o
                0x0000000008008c00                VL53L0X_calc_dmax
 .text.VL53L0X_calc_sigma_estimate
                0x0000000008008e38      0x498 ./Drivers/VL53L0X/Src/vl53l0x_api_core.o
                0x0000000008008e38                VL53L0X_calc_sigma_estimate
 .text.VL53L0X_get_pal_range_status
                0x00000000080092d0      0x3b6 ./Drivers/VL53L0X/Src/vl53l0x_api_core.o
                0x00000000080092d0                VL53L0X_get_pal_range_status
 *fill*         0x0000000008009686        0x2 
 .text.__errno  0x0000000008009688        0xc c:/st/stm32cubeide_1.10.1/stm32cubeide/plugins/com.st.stm32cube.ide.mcu.externaltools.gnu-tools-for-stm32.10.3-2021.10.win32_1.0.100.202210260954/tools/bin/../lib/gcc/arm-none-eabi/10.3.1/../../../../arm-none-eabi/lib/thumb/v7e-m+fp/hard\libc_nano.a(lib_a-errno.o)
                0x0000000008009688                __errno
 .text.__libc_init_array
                0x0000000008009694       0x48 c:/st/stm32cubeide_1.10.1/stm32cubeide/plugins/com.st.stm32cube.ide.mcu.externaltools.gnu-tools-for-stm32.10.3-2021.10.win32_1.0.100.202210260954/tools/bin/../lib/gcc/arm-none-eabi/10.3.1/../../../../arm-none-eabi/lib/thumb/v7e-m+fp/hard\libc_nano.a(lib_a-init.o)
                0x0000000008009694                __libc_init_array
 .text.memcpy   0x00000000080096dc       0x1c c:/st/stm32cubeide_1.10.1/stm32cubeide/plugins/com.st.stm32cube.ide.mcu.externaltools.gnu-tools-for-stm32.10.3-2021.10.win32_1.0.100.202210260954/tools/bin/../lib/gcc/arm-none-eabi/10.3.1/../../../../arm-none-eabi/lib/thumb/v7e-m+fp/hard\libc_nano.a(lib_a-memcpy-stub.o)
                0x00000000080096dc                memcpy
 .text.memset   0x00000000080096f8       0x10 c:/st/stm32cubeide_1.10.1/stm32cubeide/plugins/com.st.stm32cube.ide.mcu.externaltools.gnu-tools-for-stm32.10.3-2021.10.win32_1.0.100.202210260954/tools/bin/../lib/gcc/arm-none-eabi/10.3.1/../../../../arm-none-eabi/lib/thumb/v7e-m+fp/hard\libc_nano.a(lib_a-memset.o)
                0x00000000080096f8                memset
 .text.sprintf  0x0000000008009708       0x40 c:/st/stm32cubeide_1.10.1/stm32cubeide/plugins/com.st.stm32cube.ide.mcu.externaltools.gnu-tools-for-stm32.10.3-2021.10.win32_1.0.100.202210260954/tools/bin/../lib/gcc/arm-none-eabi/10.3.1/../../../../arm-none-eabi/lib/thumb/v7e-m+fp/hard\libc_nano.a(lib_a-sprintf.o)
                0x0000000008009708                siprintf
                0x0000000008009708                sprintf
 .text.__ssputs_r
                0x0000000008009748       0xb6 c:/st/stm32cubeide_1.10.1/stm32cubeide/plugins/com.st.stm32cube.ide.mcu.externaltools.gnu-tools-for-stm32.10.3-2021.10.win32_1.0.100.202210260954/tools/bin/../lib/gcc/arm-none-eabi/10.3.1/../../../../arm-none-eabi/lib/thumb/v7e-m+fp/hard\libc_nano.a(lib_a-nano-svfprintf.o)
                0x0000000008009748                __ssputs_r
 *fill*         0x00000000080097fe        0x2 
 .text._svfprintf_r
                0x0000000008009800      0x200 c:/st/stm32cubeide_1.10.1/stm32cubeide/plugins/com.st.stm32cube.ide.mcu.externaltools.gnu-tools-for-stm32.10.3-2021.10.win32_1.0.100.202210260954/tools/bin/../lib/gcc/arm-none-eabi/10.3.1/../../../../arm-none-eabi/lib/thumb/v7e-m+fp/hard\libc_nano.a(lib_a-nano-svfprintf.o)
                0x0000000008009800                _svfiprintf_r
                0x0000000008009800                _svfprintf_r
 .text._printf_common
                0x0000000008009a00       0xda c:/st/stm32cubeide_1.10.1/stm32cubeide/plugins/com.st.stm32cube.ide.mcu.externaltools.gnu-tools-for-stm32.10.3-2021.10.win32_1.0.100.202210260954/tools/bin/../lib/gcc/arm-none-eabi/10.3.1/../../../../arm-none-eabi/lib/thumb/v7e-m+fp/hard\libc_nano.a(lib_a-nano-vfprintf_i.o)
                0x0000000008009a00                _printf_common
 *fill*         0x0000000008009ada        0x2 
 .text._printf_i
                0x0000000008009adc      0x24c c:/st/stm32cubeide_1.10.1/stm32cubeide/plugins/com.st.stm32cube.ide.mcu.externaltools.gnu-tools-for-stm32.10.3-2021.10.win32_1.0.100.202210260954/tools/bin/../lib/gcc/arm-none-eabi/10.3.1/../../../../arm-none-eabi/lib/thumb/v7e-m+fp/hard\libc_nano.a(lib_a-nano-vfprintf_i.o)
                0x0000000008009adc                _printf_i
 .text.memmove  0x0000000008009d28       0x34 c:/st/stm32cubeide_1.10.1/stm32cubeide/plugins/com.st.stm32cube.ide.mcu.externaltools.gnu-tools-for-stm32.10.3-2021.10.win32_1.0.100.202210260954/tools/bin/../lib/gcc/arm-none-eabi/10.3.1/../../../../arm-none-eabi/lib/thumb/v7e-m+fp/hard\libc_nano.a(lib_a-memmove.o)
                0x0000000008009d28                memmove
 .text._free_r  0x0000000008009d5c       0x98 c:/st/stm32cubeide_1.10.1/stm32cubeide/plugins/com.st.stm32cube.ide.mcu.externaltools.gnu-tools-for-stm32.10.3-2021.10.win32_1.0.100.202210260954/tools/bin/../lib/gcc/arm-none-eabi/10.3.1/../../../../arm-none-eabi/lib/thumb/v7e-m+fp/hard\libc_nano.a(lib_a-nano-freer.o)
                0x0000000008009d5c                _free_r
 .text.sbrk_aligned
                0x0000000008009df4       0x40 c:/st/stm32cubeide_1.10.1/stm32cubeide/plugins/com.st.stm32cube.ide.mcu.externaltools.gnu-tools-for-stm32.10.3-2021.10.win32_1.0.100.202210260954/tools/bin/../lib/gcc/arm-none-eabi/10.3.1/../../../../arm-none-eabi/lib/thumb/v7e-m+fp/hard\libc_nano.a(lib_a-nano-mallocr.o)
 .text._malloc_r
                0x0000000008009e34       0xe8 c:/st/stm32cubeide_1.10.1/stm32cubeide/plugins/com.st.stm32cube.ide.mcu.externaltools.gnu-tools-for-stm32.10.3-2021.10.win32_1.0.100.202210260954/tools/bin/../lib/gcc/arm-none-eabi/10.3.1/../../../../arm-none-eabi/lib/thumb/v7e-m+fp/hard\libc_nano.a(lib_a-nano-mallocr.o)
                0x0000000008009e34                _malloc_r
 .text._realloc_r
                0x0000000008009f1c       0x5e c:/st/stm32cubeide_1.10.1/stm32cubeide/plugins/com.st.stm32cube.ide.mcu.externaltools.gnu-tools-for-stm32.10.3-2021.10.win32_1.0.100.202210260954/tools/bin/../lib/gcc/arm-none-eabi/10.3.1/../../../../arm-none-eabi/lib/thumb/v7e-m+fp/hard\libc_nano.a(lib_a-nano-reallocr.o)
                0x0000000008009f1c                _realloc_r
 *fill*         0x0000000008009f7a        0x2 
 .text._sbrk_r  0x0000000008009f7c       0x20 c:/st/stm32cubeide_1.10.1/stm32cubeide/plugins/com.st.stm32cube.ide.mcu.externaltools.gnu-tools-for-stm32.10.3-2021.10.win32_1.0.100.202210260954/tools/bin/../lib/gcc/arm-none-eabi/10.3.1/../../../../arm-none-eabi/lib/thumb/v7e-m+fp/hard\libc_nano.a(lib_a-sbrkr.o)
                0x0000000008009f7c                _sbrk_r
 .text.__malloc_lock
                0x0000000008009f9c        0xc c:/st/stm32cubeide_1.10.1/stm32cubeide/plugins/com.st.stm32cube.ide.mcu.externaltools.gnu-tools-for-stm32.10.3-2021.10.win32_1.0.100.202210260954/tools/bin/../lib/gcc/arm-none-eabi/10.3.1/../../../../arm-none-eabi/lib/thumb/v7e-m+fp/hard\libc_nano.a(lib_a-mlock.o)
                0x0000000008009f9c                __malloc_lock
 .text.__malloc_unlock
                0x0000000008009fa8        0xc c:/st/stm32cubeide_1.10.1/stm32cubeide/plugins/com.st.stm32cube.ide.mcu.externaltools.gnu-tools-for-stm32.10.3-2021.10.win32_1.0.100.202210260954/tools/bin/../lib/gcc/arm-none-eabi/10.3.1/../../../../arm-none-eabi/lib/thumb/v7e-m+fp/hard\libc_nano.a(lib_a-mlock.o)
                0x0000000008009fa8                __malloc_unlock
 .text._malloc_usable_size_r
                0x0000000008009fb4       0x10 c:/st/stm32cubeide_1.10.1/stm32cubeide/plugins/com.st.stm32cube.ide.mcu.externaltools.gnu-tools-for-stm32.10.3-2021.10.win32_1.0.100.202210260954/tools/bin/../lib/gcc/arm-none-eabi/10.3.1/../../../../arm-none-eabi/lib/thumb/v7e-m+fp/hard\libc_nano.a(lib_a-nano-msizer.o)
                0x0000000008009fb4                _malloc_usable_size_r
 .text.__retarget_lock_acquire_recursive
                0x0000000008009fc4        0x2 c:/st/stm32cubeide_1.10.1/stm32cubeide/plugins/com.st.stm32cube.ide.mcu.externaltools.gnu-tools-for-stm32.10.3-2021.10.win32_1.0.100.202210260954/tools/bin/../lib/gcc/arm-none-eabi/10.3.1/../../../../arm-none-eabi/lib/thumb/v7e-m+fp/hard\libc_nano.a(lib_a-lock.o)
                0x0000000008009fc4                __retarget_lock_acquire_recursive
 .text.__retarget_lock_release_recursive
                0x0000000008009fc6        0x2 c:/st/stm32cubeide_1.10.1/stm32cubeide/plugins/com.st.stm32cube.ide.mcu.externaltools.gnu-tools-for-stm32.10.3-2021.10.win32_1.0.100.202210260954/tools/bin/../lib/gcc/arm-none-eabi/10.3.1/../../../../arm-none-eabi/lib/thumb/v7e-m+fp/hard\libc_nano.a(lib_a-lock.o)
                0x0000000008009fc6                __retarget_lock_release_recursive
 *(.glue_7)
 .glue_7        0x0000000008009fc8        0x0 linker stubs
 *(.glue_7t)
 .glue_7t       0x0000000008009fc8        0x0 linker stubs
 *(.eh_frame)
 .eh_frame      0x0000000008009fc8        0x0 c:/st/stm32cubeide_1.10.1/stm32cubeide/plugins/com.st.stm32cube.ide.mcu.externaltools.gnu-tools-for-stm32.10.3-2021.10.win32_1.0.100.202210260954/tools/bin/../lib/gcc/arm-none-eabi/10.3.1/thumb/v7e-m+fp/hard/crtbegin.o
 *(.init)
 .init          0x0000000008009fc8        0x4 c:/st/stm32cubeide_1.10.1/stm32cubeide/plugins/com.st.stm32cube.ide.mcu.externaltools.gnu-tools-for-stm32.10.3-2021.10.win32_1.0.100.202210260954/tools/bin/../lib/gcc/arm-none-eabi/10.3.1/thumb/v7e-m+fp/hard/crti.o
                0x0000000008009fc8                _init
 .init          0x0000000008009fcc        0x8 c:/st/stm32cubeide_1.10.1/stm32cubeide/plugins/com.st.stm32cube.ide.mcu.externaltools.gnu-tools-for-stm32.10.3-2021.10.win32_1.0.100.202210260954/tools/bin/../lib/gcc/arm-none-eabi/10.3.1/thumb/v7e-m+fp/hard/crtn.o
 *(.fini)
 .fini          0x0000000008009fd4        0x4 c:/st/stm32cubeide_1.10.1/stm32cubeide/plugins/com.st.stm32cube.ide.mcu.externaltools.gnu-tools-for-stm32.10.3-2021.10.win32_1.0.100.202210260954/tools/bin/../lib/gcc/arm-none-eabi/10.3.1/thumb/v7e-m+fp/hard/crti.o
                0x0000000008009fd4                _fini
 .fini          0x0000000008009fd8        0x8 c:/st/stm32cubeide_1.10.1/stm32cubeide/plugins/com.st.stm32cube.ide.mcu.externaltools.gnu-tools-for-stm32.10.3-2021.10.win32_1.0.100.202210260954/tools/bin/../lib/gcc/arm-none-eabi/10.3.1/thumb/v7e-m+fp/hard/crtn.o
                0x0000000008009fe0                . = ALIGN (0x4)
                0x0000000008009fe0                _etext = .

.vfp11_veneer   0x0000000008009fe0        0x0
 .vfp11_veneer  0x0000000008009fe0        0x0 linker stubs

.v4_bx          0x0000000008009fe0        0x0
 .v4_bx         0x0000000008009fe0        0x0 linker stubs

.iplt           0x0000000008009fe0        0x0
 .iplt          0x0000000008009fe0        0x0 c:/st/stm32cubeide_1.10.1/stm32cubeide/plugins/com.st.stm32cube.ide.mcu.externaltools.gnu-tools-for-stm32.10.3-2021.10.win32_1.0.100.202210260954/tools/bin/../lib/gcc/arm-none-eabi/10.3.1/thumb/v7e-m+fp/hard/crtbegin.o

.rodata         0x0000000008009fe0       0xc0
                0x0000000008009fe0                . = ALIGN (0x4)
 *(.rodata)
 .rodata        0x0000000008009fe0       0x41 ./Core/Src/main.o
 *(.rodata*)
 *fill*         0x000000000800a021        0x3 
 .rodata.AHBPrescTable
                0x000000000800a024       0x10 ./Core/Src/system_stm32l4xx.o
                0x000000000800a024                AHBPrescTable
 .rodata.APBPrescTable
                0x000000000800a034        0x8 ./Core/Src/system_stm32l4xx.o
                0x000000000800a034                APBPrescTable
 .rodata.MSIRangeTable
                0x000000000800a03c       0x30 ./Core/Src/system_stm32l4xx.o
                0x000000000800a03c                MSIRangeTable
 .rodata._svfprintf_r.str1.1
                0x000000000800a06c       0x11 c:/st/stm32cubeide_1.10.1/stm32cubeide/plugins/com.st.stm32cube.ide.mcu.externaltools.gnu-tools-for-stm32.10.3-2021.10.win32_1.0.100.202210260954/tools/bin/../lib/gcc/arm-none-eabi/10.3.1/../../../../arm-none-eabi/lib/thumb/v7e-m+fp/hard\libc_nano.a(lib_a-nano-svfprintf.o)
 .rodata._printf_i.str1.1
                0x000000000800a07d       0x22 c:/st/stm32cubeide_1.10.1/stm32cubeide/plugins/com.st.stm32cube.ide.mcu.externaltools.gnu-tools-for-stm32.10.3-2021.10.win32_1.0.100.202210260954/tools/bin/../lib/gcc/arm-none-eabi/10.3.1/../../../../arm-none-eabi/lib/thumb/v7e-m+fp/hard\libc_nano.a(lib_a-nano-vfprintf_i.o)
                0x000000000800a0a0                . = ALIGN (0x4)
 *fill*         0x000000000800a09f        0x1 

.ARM.extab      0x000000000800a0a0        0x0
                0x000000000800a0a0                . = ALIGN (0x4)
 *(.ARM.extab* .gnu.linkonce.armextab.*)
                0x000000000800a0a0                . = ALIGN (0x4)

.ARM            0x000000000800a0a0        0x8
                0x000000000800a0a0                . = ALIGN (0x4)
                0x000000000800a0a0                __exidx_start = .
 *(.ARM.exidx*)
 .ARM.exidx     0x000000000800a0a0        0x8 c:/st/stm32cubeide_1.10.1/stm32cubeide/plugins/com.st.stm32cube.ide.mcu.externaltools.gnu-tools-for-stm32.10.3-2021.10.win32_1.0.100.202210260954/tools/bin/../lib/gcc/arm-none-eabi/10.3.1/thumb/v7e-m+fp/hard\libgcc.a(_udivmoddi4.o)
                0x000000000800a0a8                __exidx_end = .
                0x000000000800a0a8                . = ALIGN (0x4)

.rel.dyn        0x000000000800a0a8        0x0
 .rel.iplt      0x000000000800a0a8        0x0 c:/st/stm32cubeide_1.10.1/stm32cubeide/plugins/com.st.stm32cube.ide.mcu.externaltools.gnu-tools-for-stm32.10.3-2021.10.win32_1.0.100.202210260954/tools/bin/../lib/gcc/arm-none-eabi/10.3.1/thumb/v7e-m+fp/hard/crtbegin.o

.preinit_array  0x000000000800a0a8        0x0
                0x000000000800a0a8                . = ALIGN (0x4)
                0x000000000800a0a8                PROVIDE (__preinit_array_start = .)
 *(.preinit_array*)
                0x000000000800a0a8                PROVIDE (__preinit_array_end = .)
                0x000000000800a0a8                . = ALIGN (0x4)

.init_array     0x000000000800a0a8        0x4
                0x000000000800a0a8                . = ALIGN (0x4)
                0x000000000800a0a8                PROVIDE (__init_array_start = .)
 *(SORT_BY_NAME(.init_array.*))
 *(.init_array*)
 .init_array    0x000000000800a0a8        0x4 c:/st/stm32cubeide_1.10.1/stm32cubeide/plugins/com.st.stm32cube.ide.mcu.externaltools.gnu-tools-for-stm32.10.3-2021.10.win32_1.0.100.202210260954/tools/bin/../lib/gcc/arm-none-eabi/10.3.1/thumb/v7e-m+fp/hard/crtbegin.o
                0x000000000800a0ac                PROVIDE (__init_array_end = .)
                0x000000000800a0ac                . = ALIGN (0x4)

.fini_array     0x000000000800a0ac        0x4
                0x000000000800a0ac                . = ALIGN (0x4)
                [!provide]                        PROVIDE (__fini_array_start = .)
 *(SORT_BY_NAME(.fini_array.*))
 *(.fini_array*)
 .fini_array    0x000000000800a0ac        0x4 c:/st/stm32cubeide_1.10.1/stm32cubeide/plugins/com.st.stm32cube.ide.mcu.externaltools.gnu-tools-for-stm32.10.3-2021.10.win32_1.0.100.202210260954/tools/bin/../lib/gcc/arm-none-eabi/10.3.1/thumb/v7e-m+fp/hard/crtbegin.o
                [!provide]                        PROVIDE (__fini_array_end = .)
                0x000000000800a0b0                . = ALIGN (0x4)
                0x000000000800a0b0                _sidata = LOADADDR (.data)

.data           0x0000000020000000      0xbc8 load address 0x000000000800a0b0
                0x0000000020000000                . = ALIGN (0x4)
                0x0000000020000000                _sdata = .
 *(.data)
 *(.data*)
 .data.SystemCoreClock
                0x0000000020000000        0x4 ./Core/Src/system_stm32l4xx.o
                0x0000000020000000                SystemCoreClock
 .data.uwTickPrio
                0x0000000020000004        0x4 ./Drivers/STM32L4xx_HAL_Driver/Src/stm32l4xx_hal.o
                0x0000000020000004                uwTickPrio
 .data.uwTickFreq
                0x0000000020000008        0x1 ./Drivers/STM32L4xx_HAL_Driver/Src/stm32l4xx_hal.o
                0x0000000020000008                uwTickFreq
 *fill*         0x0000000020000009        0x3 
 .data.TOF_Devices
                0x000000002000000c      0x990 ./Drivers/VL53L0X/Implementation/TOF_Units.o
                0x000000002000000c                TOF_Devices
 .data.InterruptThresholdSettings
                0x000000002000099c      0x1b6 ./Drivers/VL53L0X/Src/vl53l0x_api.o
                0x000000002000099c                InterruptThresholdSettings
 *fill*         0x0000000020000b52        0x2 
 .data.refArrayQuadrants
                0x0000000020000b54       0x10 ./Drivers/VL53L0X/Src/vl53l0x_api_calibration.o
                0x0000000020000b54                refArrayQuadrants
 .data._impure_ptr
                0x0000000020000b64        0x4 c:/st/stm32cubeide_1.10.1/stm32cubeide/plugins/com.st.stm32cube.ide.mcu.externaltools.gnu-tools-for-stm32.10.3-2021.10.win32_1.0.100.202210260954/tools/bin/../lib/gcc/arm-none-eabi/10.3.1/../../../../arm-none-eabi/lib/thumb/v7e-m+fp/hard\libc_nano.a(lib_a-impure.o)
                0x0000000020000b64                _impure_ptr
 .data.impure_data
                0x0000000020000b68       0x60 c:/st/stm32cubeide_1.10.1/stm32cubeide/plugins/com.st.stm32cube.ide.mcu.externaltools.gnu-tools-for-stm32.10.3-2021.10.win32_1.0.100.202210260954/tools/bin/../lib/gcc/arm-none-eabi/10.3.1/../../../../arm-none-eabi/lib/thumb/v7e-m+fp/hard\libc_nano.a(lib_a-impure.o)
 *(.RamFunc)
 *(.RamFunc*)
                0x0000000020000bc8                . = ALIGN (0x4)
                0x0000000020000bc8                _edata = .

.igot.plt       0x0000000020000bc8        0x0 load address 0x000000000800ac78
 .igot.plt      0x0000000020000bc8        0x0 c:/st/stm32cubeide_1.10.1/stm32cubeide/plugins/com.st.stm32cube.ide.mcu.externaltools.gnu-tools-for-stm32.10.3-2021.10.win32_1.0.100.202210260954/tools/bin/../lib/gcc/arm-none-eabi/10.3.1/thumb/v7e-m+fp/hard/crtbegin.o
                0x0000000020000bc8                . = ALIGN (0x4)

.bss            0x0000000020000bc8      0x174 load address 0x000000000800ac78
                0x0000000020000bc8                _sbss = .
                0x0000000020000bc8                __bss_start__ = _sbss
 *(.bss)
 .bss           0x0000000020000bc8       0x1c c:/st/stm32cubeide_1.10.1/stm32cubeide/plugins/com.st.stm32cube.ide.mcu.externaltools.gnu-tools-for-stm32.10.3-2021.10.win32_1.0.100.202210260954/tools/bin/../lib/gcc/arm-none-eabi/10.3.1/thumb/v7e-m+fp/hard/crtbegin.o
 *(.bss*)
 .bss.hcan1     0x0000000020000be4       0x28 ./Core/Src/main.o
                0x0000000020000be4                hcan1
 .bss.hi2c1     0x0000000020000c0c       0x54 ./Core/Src/main.o
                0x0000000020000c0c                hi2c1
 .bss.huart2    0x0000000020000c60       0x84 ./Core/Src/main.o
                0x0000000020000c60                huart2
 .bss.__sbrk_heap_end
                0x0000000020000ce4        0x4 ./Core/Src/sysmem.o
 .bss.uwTick    0x0000000020000ce8        0x4 ./Drivers/STM32L4xx_HAL_Driver/Src/stm32l4xx_hal.o
                0x0000000020000ce8                uwTick
 .bss._I2CBuffer
                0x0000000020000cec       0x40 ./Drivers/VL53L0X/Platform/vl53l0x_platform.o
                0x0000000020000cec                _I2CBuffer
 .bss.__malloc_free_list
                0x0000000020000d2c        0x4 c:/st/stm32cubeide_1.10.1/stm32cubeide/plugins/com.st.stm32cube.ide.mcu.externaltools.gnu-tools-for-stm32.10.3-2021.10.win32_1.0.100.202210260954/tools/bin/../lib/gcc/arm-none-eabi/10.3.1/../../../../arm-none-eabi/lib/thumb/v7e-m+fp/hard\libc_nano.a(lib_a-nano-mallocr.o)
                0x0000000020000d2c                __malloc_free_list
 .bss.__malloc_sbrk_start
                0x0000000020000d30        0x4 c:/st/stm32cubeide_1.10.1/stm32cubeide/plugins/com.st.stm32cube.ide.mcu.externaltools.gnu-tools-for-stm32.10.3-2021.10.win32_1.0.100.202210260954/tools/bin/../lib/gcc/arm-none-eabi/10.3.1/../../../../arm-none-eabi/lib/thumb/v7e-m+fp/hard\libc_nano.a(lib_a-nano-mallocr.o)
                0x0000000020000d30                __malloc_sbrk_start
 .bss.errno     0x0000000020000d34        0x4 c:/st/stm32cubeide_1.10.1/stm32cubeide/plugins/com.st.stm32cube.ide.mcu.externaltools.gnu-tools-for-stm32.10.3-2021.10.win32_1.0.100.202210260954/tools/bin/../lib/gcc/arm-none-eabi/10.3.1/../../../../arm-none-eabi/lib/thumb/v7e-m+fp/hard\libc_nano.a(lib_a-reent.o)
                0x0000000020000d34                errno
 .bss.__lock___malloc_recursive_mutex
                0x0000000020000d38        0x1 c:/st/stm32cubeide_1.10.1/stm32cubeide/plugins/com.st.stm32cube.ide.mcu.externaltools.gnu-tools-for-stm32.10.3-2021.10.win32_1.0.100.202210260954/tools/bin/../lib/gcc/arm-none-eabi/10.3.1/../../../../arm-none-eabi/lib/thumb/v7e-m+fp/hard\libc_nano.a(lib_a-lock.o)
                0x0000000020000d38                __lock___malloc_recursive_mutex
 *(COMMON)
                0x0000000020000d3c                . = ALIGN (0x4)
 *fill*         0x0000000020000d39        0x3 
                0x0000000020000d3c                _ebss = .
                0x0000000020000d3c                __bss_end__ = _ebss

._user_heap_stack
                0x0000000020000d3c      0x604 load address 0x000000000800ac78
                0x0000000020000d40                . = ALIGN (0x8)
 *fill*         0x0000000020000d3c        0x4 
                [!provide]                        PROVIDE (end = .)
                0x0000000020000d40                PROVIDE (_end = .)
                0x0000000020000f40                . = (. + _Min_Heap_Size)
 *fill*         0x0000000020000d40      0x200 
                0x0000000020001340                . = (. + _Min_Stack_Size)
 *fill*         0x0000000020000f40      0x400 
                0x0000000020001340                . = ALIGN (0x8)

/DISCARD/
 libc.a(*)
 libm.a(*)
 libgcc.a(*)

.ARM.attributes
                0x0000000000000000       0x30
 *(.ARM.attributes)
 .ARM.attributes
                0x0000000000000000       0x1e c:/st/stm32cubeide_1.10.1/stm32cubeide/plugins/com.st.stm32cube.ide.mcu.externaltools.gnu-tools-for-stm32.10.3-2021.10.win32_1.0.100.202210260954/tools/bin/../lib/gcc/arm-none-eabi/10.3.1/thumb/v7e-m+fp/hard/crti.o
 .ARM.attributes
                0x000000000000001e       0x34 c:/st/stm32cubeide_1.10.1/stm32cubeide/plugins/com.st.stm32cube.ide.mcu.externaltools.gnu-tools-for-stm32.10.3-2021.10.win32_1.0.100.202210260954/tools/bin/../lib/gcc/arm-none-eabi/10.3.1/thumb/v7e-m+fp/hard/crtbegin.o
 .ARM.attributes
                0x0000000000000052       0x34 ./Core/Src/can.o
 .ARM.attributes
                0x0000000000000086       0x34 ./Core/Src/main.o
 .ARM.attributes
                0x00000000000000ba       0x34 ./Core/Src/stm32l4xx_hal_msp.o
 .ARM.attributes
                0x00000000000000ee       0x34 ./Core/Src/stm32l4xx_it.o
 .ARM.attributes
                0x0000000000000122       0x34 ./Core/Src/sysmem.o
 .ARM.attributes
                0x0000000000000156       0x34 ./Core/Src/system_stm32l4xx.o
 .ARM.attributes
                0x000000000000018a       0x21 ./Core/Startup/startup_stm32l432kcux.o
 .ARM.attributes
                0x00000000000001ab       0x34 ./Drivers/STM32L4xx_HAL_Driver/Src/stm32l4xx_hal.o
 .ARM.attributes
                0x00000000000001df       0x34 ./Drivers/STM32L4xx_HAL_Driver/Src/stm32l4xx_hal_can.o
 .ARM.attributes
                0x0000000000000213       0x34 ./Drivers/STM32L4xx_HAL_Driver/Src/stm32l4xx_hal_cortex.o
 .ARM.attributes
                0x0000000000000247       0x34 ./Drivers/STM32L4xx_HAL_Driver/Src/stm32l4xx_hal_dma.o
 .ARM.attributes
                0x000000000000027b       0x34 ./Drivers/STM32L4xx_HAL_Driver/Src/stm32l4xx_hal_gpio.o
 .ARM.attributes
                0x00000000000002af       0x34 ./Drivers/STM32L4xx_HAL_Driver/Src/stm32l4xx_hal_i2c.o
 .ARM.attributes
                0x00000000000002e3       0x34 ./Drivers/STM32L4xx_HAL_Driver/Src/stm32l4xx_hal_i2c_ex.o
 .ARM.attributes
                0x0000000000000317       0x34 ./Drivers/STM32L4xx_HAL_Driver/Src/stm32l4xx_hal_pwr.o
 .ARM.attributes
                0x000000000000034b       0x34 ./Drivers/STM32L4xx_HAL_Driver/Src/stm32l4xx_hal_pwr_ex.o
 .ARM.attributes
                0x000000000000037f       0x34 ./Drivers/STM32L4xx_HAL_Driver/Src/stm32l4xx_hal_rcc.o
 .ARM.attributes
                0x00000000000003b3       0x34 ./Drivers/STM32L4xx_HAL_Driver/Src/stm32l4xx_hal_rcc_ex.o
 .ARM.attributes
                0x00000000000003e7       0x34 ./Drivers/STM32L4xx_HAL_Driver/Src/stm32l4xx_hal_uart.o
 .ARM.attributes
                0x000000000000041b       0x34 ./Drivers/VL53L0X/Implementation/TOF_Units.o
 .ARM.attributes
                0x000000000000044f       0x34 ./Drivers/VL53L0X/Platform/TOF.o
 .ARM.attributes
                0x0000000000000483       0x34 ./Drivers/VL53L0X/Platform/vl53l0x_platform.o
 .ARM.attributes
                0x00000000000004b7       0x34 ./Drivers/VL53L0X/Src/vl53l0x_api.o
 .ARM.attributes
                0x00000000000004eb       0x34 ./Drivers/VL53L0X/Src/vl53l0x_api_calibration.o
 .ARM.attributes
                0x000000000000051f       0x34 ./Drivers/VL53L0X/Src/vl53l0x_api_core.o
 .ARM.attributes
                0x0000000000000553       0x34 c:/st/stm32cubeide_1.10.1/stm32cubeide/plugins/com.st.stm32cube.ide.mcu.externaltools.gnu-tools-for-stm32.10.3-2021.10.win32_1.0.100.202210260954/tools/bin/../lib/gcc/arm-none-eabi/10.3.1/../../../../arm-none-eabi/lib/thumb/v7e-m+fp/hard\libc_nano.a(lib_a-errno.o)
 .ARM.attributes
                0x0000000000000587       0x34 c:/st/stm32cubeide_1.10.1/stm32cubeide/plugins/com.st.stm32cube.ide.mcu.externaltools.gnu-tools-for-stm32.10.3-2021.10.win32_1.0.100.202210260954/tools/bin/../lib/gcc/arm-none-eabi/10.3.1/../../../../arm-none-eabi/lib/thumb/v7e-m+fp/hard\libc_nano.a(lib_a-impure.o)
 .ARM.attributes
                0x00000000000005bb       0x34 c:/st/stm32cubeide_1.10.1/stm32cubeide/plugins/com.st.stm32cube.ide.mcu.externaltools.gnu-tools-for-stm32.10.3-2021.10.win32_1.0.100.202210260954/tools/bin/../lib/gcc/arm-none-eabi/10.3.1/../../../../arm-none-eabi/lib/thumb/v7e-m+fp/hard\libc_nano.a(lib_a-init.o)
 .ARM.attributes
                0x00000000000005ef       0x34 c:/st/stm32cubeide_1.10.1/stm32cubeide/plugins/com.st.stm32cube.ide.mcu.externaltools.gnu-tools-for-stm32.10.3-2021.10.win32_1.0.100.202210260954/tools/bin/../lib/gcc/arm-none-eabi/10.3.1/../../../../arm-none-eabi/lib/thumb/v7e-m+fp/hard\libc_nano.a(lib_a-memcpy-stub.o)
 .ARM.attributes
                0x0000000000000623       0x34 c:/st/stm32cubeide_1.10.1/stm32cubeide/plugins/com.st.stm32cube.ide.mcu.externaltools.gnu-tools-for-stm32.10.3-2021.10.win32_1.0.100.202210260954/tools/bin/../lib/gcc/arm-none-eabi/10.3.1/../../../../arm-none-eabi/lib/thumb/v7e-m+fp/hard\libc_nano.a(lib_a-memset.o)
 .ARM.attributes
                0x0000000000000657       0x34 c:/st/stm32cubeide_1.10.1/stm32cubeide/plugins/com.st.stm32cube.ide.mcu.externaltools.gnu-tools-for-stm32.10.3-2021.10.win32_1.0.100.202210260954/tools/bin/../lib/gcc/arm-none-eabi/10.3.1/../../../../arm-none-eabi/lib/thumb/v7e-m+fp/hard\libc_nano.a(lib_a-sprintf.o)
 .ARM.attributes
                0x000000000000068b       0x17 c:/st/stm32cubeide_1.10.1/stm32cubeide/plugins/com.st.stm32cube.ide.mcu.externaltools.gnu-tools-for-stm32.10.3-2021.10.win32_1.0.100.202210260954/tools/bin/../lib/gcc/arm-none-eabi/10.3.1/../../../../arm-none-eabi/lib/thumb/v7e-m+fp/hard\libc_nano.a(lib_a-strlen.o)
 .ARM.attributes
                0x00000000000006a2       0x34 c:/st/stm32cubeide_1.10.1/stm32cubeide/plugins/com.st.stm32cube.ide.mcu.externaltools.gnu-tools-for-stm32.10.3-2021.10.win32_1.0.100.202210260954/tools/bin/../lib/gcc/arm-none-eabi/10.3.1/../../../../arm-none-eabi/lib/thumb/v7e-m+fp/hard\libc_nano.a(lib_a-nano-svfprintf.o)
 .ARM.attributes
                0x00000000000006d6       0x34 c:/st/stm32cubeide_1.10.1/stm32cubeide/plugins/com.st.stm32cube.ide.mcu.externaltools.gnu-tools-for-stm32.10.3-2021.10.win32_1.0.100.202210260954/tools/bin/../lib/gcc/arm-none-eabi/10.3.1/../../../../arm-none-eabi/lib/thumb/v7e-m+fp/hard\libc_nano.a(lib_a-nano-vfprintf_i.o)
 .ARM.attributes
                0x000000000000070a       0x1c c:/st/stm32cubeide_1.10.1/stm32cubeide/plugins/com.st.stm32cube.ide.mcu.externaltools.gnu-tools-for-stm32.10.3-2021.10.win32_1.0.100.202210260954/tools/bin/../lib/gcc/arm-none-eabi/10.3.1/../../../../arm-none-eabi/lib/thumb/v7e-m+fp/hard\libc_nano.a(lib_a-memchr.o)
 .ARM.attributes
                0x0000000000000726       0x34 c:/st/stm32cubeide_1.10.1/stm32cubeide/plugins/com.st.stm32cube.ide.mcu.externaltools.gnu-tools-for-stm32.10.3-2021.10.win32_1.0.100.202210260954/tools/bin/../lib/gcc/arm-none-eabi/10.3.1/../../../../arm-none-eabi/lib/thumb/v7e-m+fp/hard\libc_nano.a(lib_a-memmove.o)
 .ARM.attributes
                0x000000000000075a       0x34 c:/st/stm32cubeide_1.10.1/stm32cubeide/plugins/com.st.stm32cube.ide.mcu.externaltools.gnu-tools-for-stm32.10.3-2021.10.win32_1.0.100.202210260954/tools/bin/../lib/gcc/arm-none-eabi/10.3.1/../../../../arm-none-eabi/lib/thumb/v7e-m+fp/hard\libc_nano.a(lib_a-nano-freer.o)
 .ARM.attributes
                0x000000000000078e       0x34 c:/st/stm32cubeide_1.10.1/stm32cubeide/plugins/com.st.stm32cube.ide.mcu.externaltools.gnu-tools-for-stm32.10.3-2021.10.win32_1.0.100.202210260954/tools/bin/../lib/gcc/arm-none-eabi/10.3.1/../../../../arm-none-eabi/lib/thumb/v7e-m+fp/hard\libc_nano.a(lib_a-nano-mallocr.o)
 .ARM.attributes
                0x00000000000007c2       0x34 c:/st/stm32cubeide_1.10.1/stm32cubeide/plugins/com.st.stm32cube.ide.mcu.externaltools.gnu-tools-for-stm32.10.3-2021.10.win32_1.0.100.202210260954/tools/bin/../lib/gcc/arm-none-eabi/10.3.1/../../../../arm-none-eabi/lib/thumb/v7e-m+fp/hard\libc_nano.a(lib_a-nano-reallocr.o)
 .ARM.attributes
                0x00000000000007f6       0x34 c:/st/stm32cubeide_1.10.1/stm32cubeide/plugins/com.st.stm32cube.ide.mcu.externaltools.gnu-tools-for-stm32.10.3-2021.10.win32_1.0.100.202210260954/tools/bin/../lib/gcc/arm-none-eabi/10.3.1/../../../../arm-none-eabi/lib/thumb/v7e-m+fp/hard\libc_nano.a(lib_a-sbrkr.o)
 .ARM.attributes
                0x000000000000082a       0x34 c:/st/stm32cubeide_1.10.1/stm32cubeide/plugins/com.st.stm32cube.ide.mcu.externaltools.gnu-tools-for-stm32.10.3-2021.10.win32_1.0.100.202210260954/tools/bin/../lib/gcc/arm-none-eabi/10.3.1/../../../../arm-none-eabi/lib/thumb/v7e-m+fp/hard\libc_nano.a(lib_a-mlock.o)
 .ARM.attributes
                0x000000000000085e       0x34 c:/st/stm32cubeide_1.10.1/stm32cubeide/plugins/com.st.stm32cube.ide.mcu.externaltools.gnu-tools-for-stm32.10.3-2021.10.win32_1.0.100.202210260954/tools/bin/../lib/gcc/arm-none-eabi/10.3.1/../../../../arm-none-eabi/lib/thumb/v7e-m+fp/hard\libc_nano.a(lib_a-nano-msizer.o)
 .ARM.attributes
                0x0000000000000892       0x34 c:/st/stm32cubeide_1.10.1/stm32cubeide/plugins/com.st.stm32cube.ide.mcu.externaltools.gnu-tools-for-stm32.10.3-2021.10.win32_1.0.100.202210260954/tools/bin/../lib/gcc/arm-none-eabi/10.3.1/../../../../arm-none-eabi/lib/thumb/v7e-m+fp/hard\libc_nano.a(lib_a-reent.o)
 .ARM.attributes
                0x00000000000008c6       0x34 c:/st/stm32cubeide_1.10.1/stm32cubeide/plugins/com.st.stm32cube.ide.mcu.externaltools.gnu-tools-for-stm32.10.3-2021.10.win32_1.0.100.202210260954/tools/bin/../lib/gcc/arm-none-eabi/10.3.1/../../../../arm-none-eabi/lib/thumb/v7e-m+fp/hard\libc_nano.a(lib_a-lock.o)
 .ARM.attributes
                0x00000000000008fa       0x1e c:/st/stm32cubeide_1.10.1/stm32cubeide/plugins/com.st.stm32cube.ide.mcu.externaltools.gnu-tools-for-stm32.10.3-2021.10.win32_1.0.100.202210260954/tools/bin/../lib/gcc/arm-none-eabi/10.3.1/thumb/v7e-m+fp/hard\libgcc.a(_aeabi_uldivmod.o)
 .ARM.attributes
                0x0000000000000918       0x34 c:/st/stm32cubeide_1.10.1/stm32cubeide/plugins/com.st.stm32cube.ide.mcu.externaltools.gnu-tools-for-stm32.10.3-2021.10.win32_1.0.100.202210260954/tools/bin/../lib/gcc/arm-none-eabi/10.3.1/thumb/v7e-m+fp/hard\libgcc.a(_udivmoddi4.o)
 .ARM.attributes
                0x000000000000094c       0x1e c:/st/stm32cubeide_1.10.1/stm32cubeide/plugins/com.st.stm32cube.ide.mcu.externaltools.gnu-tools-for-stm32.10.3-2021.10.win32_1.0.100.202210260954/tools/bin/../lib/gcc/arm-none-eabi/10.3.1/thumb/v7e-m+fp/hard\libgcc.a(_dvmd_tls.o)
 .ARM.attributes
                0x000000000000096a       0x1e c:/st/stm32cubeide_1.10.1/stm32cubeide/plugins/com.st.stm32cube.ide.mcu.externaltools.gnu-tools-for-stm32.10.3-2021.10.win32_1.0.100.202210260954/tools/bin/../lib/gcc/arm-none-eabi/10.3.1/thumb/v7e-m+fp/hard/crtn.o
OUTPUT(Tof_test1.elf elf32-littlearm)
LOAD linker stubs
LOAD c:/st/stm32cubeide_1.10.1/stm32cubeide/plugins/com.st.stm32cube.ide.mcu.externaltools.gnu-tools-for-stm32.10.3-2021.10.win32_1.0.100.202210260954/tools/bin/../lib/gcc/arm-none-eabi/10.3.1/../../../../arm-none-eabi/lib/thumb/v7e-m+fp/hard\libc.a
LOAD c:/st/stm32cubeide_1.10.1/stm32cubeide/plugins/com.st.stm32cube.ide.mcu.externaltools.gnu-tools-for-stm32.10.3-2021.10.win32_1.0.100.202210260954/tools/bin/../lib/gcc/arm-none-eabi/10.3.1/../../../../arm-none-eabi/lib/thumb/v7e-m+fp/hard\libm.a
LOAD c:/st/stm32cubeide_1.10.1/stm32cubeide/plugins/com.st.stm32cube.ide.mcu.externaltools.gnu-tools-for-stm32.10.3-2021.10.win32_1.0.100.202210260954/tools/bin/../lib/gcc/arm-none-eabi/10.3.1/thumb/v7e-m+fp/hard\libgcc.a

.debug_info     0x0000000000000000    0x1cd7a
 .debug_info    0x0000000000000000      0xa43 ./Core/Src/can.o
 .debug_info    0x0000000000000a43     0x1802 ./Core/Src/main.o
 .debug_info    0x0000000000002245     0x1690 ./Core/Src/stm32l4xx_hal_msp.o
 .debug_info    0x00000000000038d5      0xb7e ./Core/Src/stm32l4xx_it.o
 .debug_info    0x0000000000004453      0x171 ./Core/Src/sysmem.o
 .debug_info    0x00000000000045c4      0x5d4 ./Core/Src/system_stm32l4xx.o
 .debug_info    0x0000000000004b98       0x22 ./Core/Startup/startup_stm32l432kcux.o
 .debug_info    0x0000000000004bba      0x9da ./Drivers/STM32L4xx_HAL_Driver/Src/stm32l4xx_hal.o
 .debug_info    0x0000000000005594     0x101e ./Drivers/STM32L4xx_HAL_Driver/Src/stm32l4xx_hal_can.o
 .debug_info    0x00000000000065b2      0xda3 ./Drivers/STM32L4xx_HAL_Driver/Src/stm32l4xx_hal_cortex.o
 .debug_info    0x0000000000007355      0x76a ./Drivers/STM32L4xx_HAL_Driver/Src/stm32l4xx_hal_dma.o
 .debug_info    0x0000000000007abf      0x821 ./Drivers/STM32L4xx_HAL_Driver/Src/stm32l4xx_hal_gpio.o
 .debug_info    0x00000000000082e0     0x2232 ./Drivers/STM32L4xx_HAL_Driver/Src/stm32l4xx_hal_i2c.o
 .debug_info    0x000000000000a512      0xa53 ./Drivers/STM32L4xx_HAL_Driver/Src/stm32l4xx_hal_i2c_ex.o
 .debug_info    0x000000000000af65      0x95e ./Drivers/STM32L4xx_HAL_Driver/Src/stm32l4xx_hal_pwr.o
 .debug_info    0x000000000000b8c3      0x96b ./Drivers/STM32L4xx_HAL_Driver/Src/stm32l4xx_hal_pwr_ex.o
 .debug_info    0x000000000000c22e      0xc97 ./Drivers/STM32L4xx_HAL_Driver/Src/stm32l4xx_hal_rcc.o
 .debug_info    0x000000000000cec5      0xf5b ./Drivers/STM32L4xx_HAL_Driver/Src/stm32l4xx_hal_rcc_ex.o
 .debug_info    0x000000000000de20     0x3d1c ./Drivers/STM32L4xx_HAL_Driver/Src/stm32l4xx_hal_uart.o
 .debug_info    0x0000000000011b3c      0xe24 ./Drivers/VL53L0X/Implementation/TOF_Units.o
 .debug_info    0x0000000000012960     0x133b ./Drivers/VL53L0X/Platform/TOF.o
 .debug_info    0x0000000000013c9b     0x13a1 ./Drivers/VL53L0X/Platform/vl53l0x_platform.o
 .debug_info    0x000000000001503c     0x3955 ./Drivers/VL53L0X/Src/vl53l0x_api.o
 .debug_info    0x0000000000018991     0x1f7b ./Drivers/VL53L0X/Src/vl53l0x_api_calibration.o
 .debug_info    0x000000000001a90c     0x246e ./Drivers/VL53L0X/Src/vl53l0x_api_core.o

.debug_abbrev   0x0000000000000000     0x33ae
 .debug_abbrev  0x0000000000000000      0x205 ./Core/Src/can.o
 .debug_abbrev  0x0000000000000205      0x306 ./Core/Src/main.o
 .debug_abbrev  0x000000000000050b      0x248 ./Core/Src/stm32l4xx_hal_msp.o
 .debug_abbrev  0x0000000000000753      0x1d8 ./Core/Src/stm32l4xx_it.o
 .debug_abbrev  0x000000000000092b       0xbb ./Core/Src/sysmem.o
 .debug_abbrev  0x00000000000009e6      0x116 ./Core/Src/system_stm32l4xx.o
 .debug_abbrev  0x0000000000000afc       0x12 ./Core/Startup/startup_stm32l432kcux.o
 .debug_abbrev  0x0000000000000b0e      0x21e ./Drivers/STM32L4xx_HAL_Driver/Src/stm32l4xx_hal.o
 .debug_abbrev  0x0000000000000d2c      0x23b ./Drivers/STM32L4xx_HAL_Driver/Src/stm32l4xx_hal_can.o
 .debug_abbrev  0x0000000000000f67      0x316 ./Drivers/STM32L4xx_HAL_Driver/Src/stm32l4xx_hal_cortex.o
 .debug_abbrev  0x000000000000127d      0x1d7 ./Drivers/STM32L4xx_HAL_Driver/Src/stm32l4xx_hal_dma.o
 .debug_abbrev  0x0000000000001454      0x1bb ./Drivers/STM32L4xx_HAL_Driver/Src/stm32l4xx_hal_gpio.o
 .debug_abbrev  0x000000000000160f      0x243 ./Drivers/STM32L4xx_HAL_Driver/Src/stm32l4xx_hal_i2c.o
 .debug_abbrev  0x0000000000001852      0x1b0 ./Drivers/STM32L4xx_HAL_Driver/Src/stm32l4xx_hal_i2c_ex.o
 .debug_abbrev  0x0000000000001a02      0x1c9 ./Drivers/STM32L4xx_HAL_Driver/Src/stm32l4xx_hal_pwr.o
 .debug_abbrev  0x0000000000001bcb      0x1f3 ./Drivers/STM32L4xx_HAL_Driver/Src/stm32l4xx_hal_pwr_ex.o
 .debug_abbrev  0x0000000000001dbe      0x2bd ./Drivers/STM32L4xx_HAL_Driver/Src/stm32l4xx_hal_rcc.o
 .debug_abbrev  0x000000000000207b      0x299 ./Drivers/STM32L4xx_HAL_Driver/Src/stm32l4xx_hal_rcc_ex.o
 .debug_abbrev  0x0000000000002314      0x2bc ./Drivers/STM32L4xx_HAL_Driver/Src/stm32l4xx_hal_uart.o
 .debug_abbrev  0x00000000000025d0      0x180 ./Drivers/VL53L0X/Implementation/TOF_Units.o
 .debug_abbrev  0x0000000000002750      0x228 ./Drivers/VL53L0X/Platform/TOF.o
 .debug_abbrev  0x0000000000002978      0x235 ./Drivers/VL53L0X/Platform/vl53l0x_platform.o
 .debug_abbrev  0x0000000000002bad      0x2ba ./Drivers/VL53L0X/Src/vl53l0x_api.o
 .debug_abbrev  0x0000000000002e67      0x298 ./Drivers/VL53L0X/Src/vl53l0x_api_calibration.o
 .debug_abbrev  0x00000000000030ff      0x2af ./Drivers/VL53L0X/Src/vl53l0x_api_core.o

.debug_aranges  0x0000000000000000     0x1408
 .debug_aranges
                0x0000000000000000       0x38 ./Core/Src/can.o
 .debug_aranges
                0x0000000000000038       0x50 ./Core/Src/main.o
 .debug_aranges
                0x0000000000000088       0x50 ./Core/Src/stm32l4xx_hal_msp.o
 .debug_aranges
                0x00000000000000d8       0x90 ./Core/Src/stm32l4xx_it.o
 .debug_aranges
                0x0000000000000168       0x20 ./Core/Src/sysmem.o
 .debug_aranges
                0x0000000000000188       0x28 ./Core/Src/system_stm32l4xx.o
 .debug_aranges
                0x00000000000001b0       0x28 ./Core/Startup/startup_stm32l432kcux.o
 .debug_aranges
                0x00000000000001d8      0x108 ./Drivers/STM32L4xx_HAL_Driver/Src/stm32l4xx_hal.o
 .debug_aranges
                0x00000000000002e0      0x138 ./Drivers/STM32L4xx_HAL_Driver/Src/stm32l4xx_hal_can.o
 .debug_aranges
                0x0000000000000418      0x118 ./Drivers/STM32L4xx_HAL_Driver/Src/stm32l4xx_hal_cortex.o
 .debug_aranges
                0x0000000000000530       0x80 ./Drivers/STM32L4xx_HAL_Driver/Src/stm32l4xx_hal_dma.o
 .debug_aranges
                0x00000000000005b0       0x58 ./Drivers/STM32L4xx_HAL_Driver/Src/stm32l4xx_hal_gpio.o
 .debug_aranges
                0x0000000000000608      0x2a0 ./Drivers/STM32L4xx_HAL_Driver/Src/stm32l4xx_hal_i2c.o
 .debug_aranges
                0x00000000000008a8       0x48 ./Drivers/STM32L4xx_HAL_Driver/Src/stm32l4xx_hal_i2c_ex.o
 .debug_aranges
                0x00000000000008f0       0x98 ./Drivers/STM32L4xx_HAL_Driver/Src/stm32l4xx_hal_pwr.o
 .debug_aranges
                0x0000000000000988      0x128 ./Drivers/STM32L4xx_HAL_Driver/Src/stm32l4xx_hal_pwr_ex.o
 .debug_aranges
                0x0000000000000ab0       0x90 ./Drivers/STM32L4xx_HAL_Driver/Src/stm32l4xx_hal_rcc.o
 .debug_aranges
                0x0000000000000b40       0xf0 ./Drivers/STM32L4xx_HAL_Driver/Src/stm32l4xx_hal_rcc_ex.o
 .debug_aranges
                0x0000000000000c30      0x228 ./Drivers/STM32L4xx_HAL_Driver/Src/stm32l4xx_hal_uart.o
 .debug_aranges
                0x0000000000000e58       0x18 ./Drivers/VL53L0X/Implementation/TOF_Units.o
 .debug_aranges
                0x0000000000000e70       0x40 ./Drivers/VL53L0X/Platform/TOF.o
 .debug_aranges
                0x0000000000000eb0       0x78 ./Drivers/VL53L0X/Platform/vl53l0x_platform.o
 .debug_aranges
                0x0000000000000f28      0x330 ./Drivers/VL53L0X/Src/vl53l0x_api.o
 .debug_aranges
                0x0000000000001258       0xd0 ./Drivers/VL53L0X/Src/vl53l0x_api_calibration.o
 .debug_aranges
                0x0000000000001328       0xe0 ./Drivers/VL53L0X/Src/vl53l0x_api_core.o

.debug_ranges   0x0000000000000000     0x12a8
 .debug_ranges  0x0000000000000000       0x28 ./Core/Src/can.o
 .debug_ranges  0x0000000000000028       0x40 ./Core/Src/main.o
 .debug_ranges  0x0000000000000068       0x40 ./Core/Src/stm32l4xx_hal_msp.o
 .debug_ranges  0x00000000000000a8       0x80 ./Core/Src/stm32l4xx_it.o
 .debug_ranges  0x0000000000000128       0x10 ./Core/Src/sysmem.o
 .debug_ranges  0x0000000000000138       0x18 ./Core/Src/system_stm32l4xx.o
 .debug_ranges  0x0000000000000150       0x20 ./Core/Startup/startup_stm32l432kcux.o
 .debug_ranges  0x0000000000000170       0xf8 ./Drivers/STM32L4xx_HAL_Driver/Src/stm32l4xx_hal.o
 .debug_ranges  0x0000000000000268      0x128 ./Drivers/STM32L4xx_HAL_Driver/Src/stm32l4xx_hal_can.o
 .debug_ranges  0x0000000000000390      0x108 ./Drivers/STM32L4xx_HAL_Driver/Src/stm32l4xx_hal_cortex.o
 .debug_ranges  0x0000000000000498       0x70 ./Drivers/STM32L4xx_HAL_Driver/Src/stm32l4xx_hal_dma.o
 .debug_ranges  0x0000000000000508       0x48 ./Drivers/STM32L4xx_HAL_Driver/Src/stm32l4xx_hal_gpio.o
 .debug_ranges  0x0000000000000550      0x290 ./Drivers/STM32L4xx_HAL_Driver/Src/stm32l4xx_hal_i2c.o
 .debug_ranges  0x00000000000007e0       0x38 ./Drivers/STM32L4xx_HAL_Driver/Src/stm32l4xx_hal_i2c_ex.o
 .debug_ranges  0x0000000000000818       0x88 ./Drivers/STM32L4xx_HAL_Driver/Src/stm32l4xx_hal_pwr.o
 .debug_ranges  0x00000000000008a0      0x118 ./Drivers/STM32L4xx_HAL_Driver/Src/stm32l4xx_hal_pwr_ex.o
 .debug_ranges  0x00000000000009b8       0x80 ./Drivers/STM32L4xx_HAL_Driver/Src/stm32l4xx_hal_rcc.o
 .debug_ranges  0x0000000000000a38       0xe0 ./Drivers/STM32L4xx_HAL_Driver/Src/stm32l4xx_hal_rcc_ex.o
 .debug_ranges  0x0000000000000b18      0x248 ./Drivers/STM32L4xx_HAL_Driver/Src/stm32l4xx_hal_uart.o
 .debug_ranges  0x0000000000000d60       0x30 ./Drivers/VL53L0X/Platform/TOF.o
 .debug_ranges  0x0000000000000d90       0x68 ./Drivers/VL53L0X/Platform/vl53l0x_platform.o
 .debug_ranges  0x0000000000000df8      0x320 ./Drivers/VL53L0X/Src/vl53l0x_api.o
 .debug_ranges  0x0000000000001118       0xc0 ./Drivers/VL53L0X/Src/vl53l0x_api_calibration.o
 .debug_ranges  0x00000000000011d8       0xd0 ./Drivers/VL53L0X/Src/vl53l0x_api_core.o

.debug_macro    0x0000000000000000    0x236d4
 .debug_macro   0x0000000000000000      0x2bd ./Core/Src/can.o
 .debug_macro   0x00000000000002bd      0xa78 ./Core/Src/can.o
 .debug_macro   0x0000000000000d35       0x22 ./Core/Src/can.o
 .debug_macro   0x0000000000000d57       0x4c ./Core/Src/can.o
 .debug_macro   0x0000000000000da3       0x1e ./Core/Src/can.o
 .debug_macro   0x0000000000000dc1       0x94 ./Core/Src/can.o
 .debug_macro   0x0000000000000e55       0x3c ./Core/Src/can.o
 .debug_macro   0x0000000000000e91       0x34 ./Core/Src/can.o
 .debug_macro   0x0000000000000ec5      0x174 ./Core/Src/can.o
 .debug_macro   0x0000000000001039       0x16 ./Core/Src/can.o
 .debug_macro   0x000000000000104f       0x43 ./Core/Src/can.o
 .debug_macro   0x0000000000001092       0x57 ./Core/Src/can.o
 .debug_macro   0x00000000000010e9       0x34 ./Core/Src/can.o
 .debug_macro   0x000000000000111d       0x10 ./Core/Src/can.o
 .debug_macro   0x000000000000112d       0x58 ./Core/Src/can.o
 .debug_macro   0x0000000000001185       0x71 ./Core/Src/can.o
 .debug_macro   0x00000000000011f6       0x1c ./Core/Src/can.o
 .debug_macro   0x0000000000001212      0x12a ./Core/Src/can.o
 .debug_macro   0x000000000000133c      0x341 ./Core/Src/can.o
 .debug_macro   0x000000000000167d       0x10 ./Core/Src/can.o
 .debug_macro   0x000000000000168d       0x35 ./Core/Src/can.o
 .debug_macro   0x00000000000016c2       0x20 ./Core/Src/can.o
 .debug_macro   0x00000000000016e2       0x22 ./Core/Src/can.o
 .debug_macro   0x0000000000001704      0x1ad ./Core/Src/can.o
 .debug_macro   0x00000000000018b1       0x2e ./Core/Src/can.o
 .debug_macro   0x00000000000018df       0x28 ./Core/Src/can.o
 .debug_macro   0x0000000000001907      0x103 ./Core/Src/can.o
 .debug_macro   0x0000000000001a0a       0x6a ./Core/Src/can.o
 .debug_macro   0x0000000000001a74      0x1df ./Core/Src/can.o
 .debug_macro   0x0000000000001c53       0x1c ./Core/Src/can.o
 .debug_macro   0x0000000000001c6f       0x22 ./Core/Src/can.o
 .debug_macro   0x0000000000001c91       0xfb ./Core/Src/can.o
 .debug_macro   0x0000000000001d8c     0x1011 ./Core/Src/can.o
 .debug_macro   0x0000000000002d9d      0x11f ./Core/Src/can.o
 .debug_macro   0x0000000000002ebc    0x147a6 ./Core/Src/can.o
 .debug_macro   0x0000000000017662       0x6d ./Core/Src/can.o
 .debug_macro   0x00000000000176cf     0x38e6 ./Core/Src/can.o
 .debug_macro   0x000000000001afb5       0x56 ./Core/Src/can.o
 .debug_macro   0x000000000001b00b     0x11ca ./Core/Src/can.o
 .debug_macro   0x000000000001c1d5      0x53c ./Core/Src/can.o
 .debug_macro   0x000000000001c711      0x1b9 ./Core/Src/can.o
 .debug_macro   0x000000000001c8ca      0x122 ./Core/Src/can.o
 .debug_macro   0x000000000001c9ec      0x26b ./Core/Src/can.o
 .debug_macro   0x000000000001cc57      0x23d ./Core/Src/can.o